Archive member included because of file (symbol)

d:/salma/embedded system iti/tools/01- embedded systems avr tools-20230806t134253z-001/01- embedded systems avr tools/01- imt sdk/imt_sdk_win_64/imt_sdk_win_64/winavr/bin/../lib/gcc/avr/4.3.3/avr5\libgcc.a(_mulsi3.o)
                              ./HAL/CLCD/CLCD_program.o (__mulsi3)
d:/salma/embedded system iti/tools/01- embedded systems avr tools-20230806t134253z-001/01- embedded systems avr tools/01- imt sdk/imt_sdk_win_64/imt_sdk_win_64/winavr/bin/../lib/gcc/avr/4.3.3/avr5\libgcc.a(_udivmodsi4.o)
                              ./HAL/STEPPER_MOTOR/STEPPER_program.o (__udivmodsi4)
d:/salma/embedded system iti/tools/01- embedded systems avr tools-20230806t134253z-001/01- embedded systems avr tools/01- imt sdk/imt_sdk_win_64/imt_sdk_win_64/winavr/bin/../lib/gcc/avr/4.3.3/avr5\libgcc.a(_divmodsi4.o)
                              ./HAL/CLCD/CLCD_program.o (__divmodsi4)
d:/salma/embedded system iti/tools/01- embedded systems avr tools-20230806t134253z-001/01- embedded systems avr tools/01- imt sdk/imt_sdk_win_64/imt_sdk_win_64/winavr/bin/../lib/gcc/avr/4.3.3/avr5\libgcc.a(_exit.o)
                              d:/salma/embedded system iti/tools/01- embedded systems avr tools-20230806t134253z-001/01- embedded systems avr tools/01- imt sdk/imt_sdk_win_64/imt_sdk_win_64/winavr/bin/../lib/gcc/avr/4.3.3/../../../../avr/lib/avr5/crtm32.o (exit)
d:/salma/embedded system iti/tools/01- embedded systems avr tools-20230806t134253z-001/01- embedded systems avr tools/01- imt sdk/imt_sdk_win_64/imt_sdk_win_64/winavr/bin/../lib/gcc/avr/4.3.3/avr5\libgcc.a(_copy_data.o)
                              ./APP/main.o (__do_copy_data)
d:/salma/embedded system iti/tools/01- embedded systems avr tools-20230806t134253z-001/01- embedded systems avr tools/01- imt sdk/imt_sdk_win_64/imt_sdk_win_64/winavr/bin/../lib/gcc/avr/4.3.3/avr5\libgcc.a(_clear_bss.o)
                              ./MCAL/ADC/ADC_program.o (__do_clear_bss)
d:/salma/embedded system iti/tools/01- embedded systems avr tools-20230806t134253z-001/01- embedded systems avr tools/01- imt sdk/imt_sdk_win_64/imt_sdk_win_64/winavr/bin/../lib/gcc/avr/4.3.3/avr5\libgcc.a(_fixunssfsi.o)
                              ./HAL/STEPPER_MOTOR/STEPPER_program.o (__fixunssfsi)
d:/salma/embedded system iti/tools/01- embedded systems avr tools-20230806t134253z-001/01- embedded systems avr tools/01- imt sdk/imt_sdk_win_64/imt_sdk_win_64/winavr/bin/../lib/gcc/avr/4.3.3/avr5\libgcc.a(_addsub_sf.o)
                              d:/salma/embedded system iti/tools/01- embedded systems avr tools-20230806t134253z-001/01- embedded systems avr tools/01- imt sdk/imt_sdk_win_64/imt_sdk_win_64/winavr/bin/../lib/gcc/avr/4.3.3/avr5\libgcc.a(_fixunssfsi.o) (__subsf3)
d:/salma/embedded system iti/tools/01- embedded systems avr tools-20230806t134253z-001/01- embedded systems avr tools/01- imt sdk/imt_sdk_win_64/imt_sdk_win_64/winavr/bin/../lib/gcc/avr/4.3.3/avr5\libgcc.a(_mul_sf.o)
                              ./MCAL/ADC/ADC_program.o (__mulsf3)
d:/salma/embedded system iti/tools/01- embedded systems avr tools-20230806t134253z-001/01- embedded systems avr tools/01- imt sdk/imt_sdk_win_64/imt_sdk_win_64/winavr/bin/../lib/gcc/avr/4.3.3/avr5\libgcc.a(_eq_sf.o)
                              ./HAL/CLCD/CLCD_program.o (__eqsf2)
d:/salma/embedded system iti/tools/01- embedded systems avr tools-20230806t134253z-001/01- embedded systems avr tools/01- imt sdk/imt_sdk_win_64/imt_sdk_win_64/winavr/bin/../lib/gcc/avr/4.3.3/avr5\libgcc.a(_gt_sf.o)
                              ./HAL/STEPPER_MOTOR/STEPPER_program.o (__gtsf2)
d:/salma/embedded system iti/tools/01- embedded systems avr tools-20230806t134253z-001/01- embedded systems avr tools/01- imt sdk/imt_sdk_win_64/imt_sdk_win_64/winavr/bin/../lib/gcc/avr/4.3.3/avr5\libgcc.a(_ge_sf.o)
                              ./APP/main.o (__gesf2)
d:/salma/embedded system iti/tools/01- embedded systems avr tools-20230806t134253z-001/01- embedded systems avr tools/01- imt sdk/imt_sdk_win_64/imt_sdk_win_64/winavr/bin/../lib/gcc/avr/4.3.3/avr5\libgcc.a(_lt_sf.o)
                              ./HAL/STEPPER_MOTOR/STEPPER_program.o (__ltsf2)
d:/salma/embedded system iti/tools/01- embedded systems avr tools-20230806t134253z-001/01- embedded systems avr tools/01- imt sdk/imt_sdk_win_64/imt_sdk_win_64/winavr/bin/../lib/gcc/avr/4.3.3/avr5\libgcc.a(_sf_to_si.o)
                              ./HAL/CLCD/CLCD_program.o (__fixsfsi)
d:/salma/embedded system iti/tools/01- embedded systems avr tools-20230806t134253z-001/01- embedded systems avr tools/01- imt sdk/imt_sdk_win_64/imt_sdk_win_64/winavr/bin/../lib/gcc/avr/4.3.3/avr5\libgcc.a(_thenan_sf.o)
                              d:/salma/embedded system iti/tools/01- embedded systems avr tools-20230806t134253z-001/01- embedded systems avr tools/01- imt sdk/imt_sdk_win_64/imt_sdk_win_64/winavr/bin/../lib/gcc/avr/4.3.3/avr5\libgcc.a(_addsub_sf.o) (__thenan_sf)
d:/salma/embedded system iti/tools/01- embedded systems avr tools-20230806t134253z-001/01- embedded systems avr tools/01- imt sdk/imt_sdk_win_64/imt_sdk_win_64/winavr/bin/../lib/gcc/avr/4.3.3/avr5\libgcc.a(_usi_to_sf.o)
                              ./MCAL/ADC/ADC_program.o (__floatunsisf)
d:/salma/embedded system iti/tools/01- embedded systems avr tools-20230806t134253z-001/01- embedded systems avr tools/01- imt sdk/imt_sdk_win_64/imt_sdk_win_64/winavr/bin/../lib/gcc/avr/4.3.3/avr5\libgcc.a(_prologue.o)
                              d:/salma/embedded system iti/tools/01- embedded systems avr tools-20230806t134253z-001/01- embedded systems avr tools/01- imt sdk/imt_sdk_win_64/imt_sdk_win_64/winavr/bin/../lib/gcc/avr/4.3.3/avr5\libgcc.a(_addsub_sf.o) (__prologue_saves__)
d:/salma/embedded system iti/tools/01- embedded systems avr tools-20230806t134253z-001/01- embedded systems avr tools/01- imt sdk/imt_sdk_win_64/imt_sdk_win_64/winavr/bin/../lib/gcc/avr/4.3.3/avr5\libgcc.a(_epilogue.o)
                              d:/salma/embedded system iti/tools/01- embedded systems avr tools-20230806t134253z-001/01- embedded systems avr tools/01- imt sdk/imt_sdk_win_64/imt_sdk_win_64/winavr/bin/../lib/gcc/avr/4.3.3/avr5\libgcc.a(_addsub_sf.o) (__epilogue_restores__)
d:/salma/embedded system iti/tools/01- embedded systems avr tools-20230806t134253z-001/01- embedded systems avr tools/01- imt sdk/imt_sdk_win_64/imt_sdk_win_64/winavr/bin/../lib/gcc/avr/4.3.3/avr5\libgcc.a(_clzsi2.o)
                              d:/salma/embedded system iti/tools/01- embedded systems avr tools-20230806t134253z-001/01- embedded systems avr tools/01- imt sdk/imt_sdk_win_64/imt_sdk_win_64/winavr/bin/../lib/gcc/avr/4.3.3/avr5\libgcc.a(_usi_to_sf.o) (__clzsi2)
d:/salma/embedded system iti/tools/01- embedded systems avr tools-20230806t134253z-001/01- embedded systems avr tools/01- imt sdk/imt_sdk_win_64/imt_sdk_win_64/winavr/bin/../lib/gcc/avr/4.3.3/avr5\libgcc.a(_pack_sf.o)
                              d:/salma/embedded system iti/tools/01- embedded systems avr tools-20230806t134253z-001/01- embedded systems avr tools/01- imt sdk/imt_sdk_win_64/imt_sdk_win_64/winavr/bin/../lib/gcc/avr/4.3.3/avr5\libgcc.a(_addsub_sf.o) (__pack_f)
d:/salma/embedded system iti/tools/01- embedded systems avr tools-20230806t134253z-001/01- embedded systems avr tools/01- imt sdk/imt_sdk_win_64/imt_sdk_win_64/winavr/bin/../lib/gcc/avr/4.3.3/avr5\libgcc.a(_unpack_sf.o)
                              d:/salma/embedded system iti/tools/01- embedded systems avr tools-20230806t134253z-001/01- embedded systems avr tools/01- imt sdk/imt_sdk_win_64/imt_sdk_win_64/winavr/bin/../lib/gcc/avr/4.3.3/avr5\libgcc.a(_addsub_sf.o) (__unpack_f)
d:/salma/embedded system iti/tools/01- embedded systems avr tools-20230806t134253z-001/01- embedded systems avr tools/01- imt sdk/imt_sdk_win_64/imt_sdk_win_64/winavr/bin/../lib/gcc/avr/4.3.3/avr5\libgcc.a(_fpcmp_parts_sf.o)
                              d:/salma/embedded system iti/tools/01- embedded systems avr tools-20230806t134253z-001/01- embedded systems avr tools/01- imt sdk/imt_sdk_win_64/imt_sdk_win_64/winavr/bin/../lib/gcc/avr/4.3.3/avr5\libgcc.a(_eq_sf.o) (__fpcmp_parts_f)
d:/salma/embedded system iti/tools/01- embedded systems avr tools-20230806t134253z-001/01- embedded systems avr tools/01- imt sdk/imt_sdk_win_64/imt_sdk_win_64/winavr/bin/../lib/gcc/avr/4.3.3/avr5\libgcc.a(_clz.o)
                              d:/salma/embedded system iti/tools/01- embedded systems avr tools-20230806t134253z-001/01- embedded systems avr tools/01- imt sdk/imt_sdk_win_64/imt_sdk_win_64/winavr/bin/../lib/gcc/avr/4.3.3/avr5\libgcc.a(_clzsi2.o) (__clz_tab)

Memory Configuration

Name             Origin             Length             Attributes
text             0x00000000         0x00020000         xr
data             0x00800060         0x0000ffa0         rw !x
eeprom           0x00810000         0x00010000         rw !x
fuse             0x00820000         0x00000400         rw !x
lock             0x00830000         0x00000400         rw !x
signature        0x00840000         0x00000400         rw !x
*default*        0x00000000         0xffffffff

Linker script and memory map

LOAD d:/salma/embedded system iti/tools/01- embedded systems avr tools-20230806t134253z-001/01- embedded systems avr tools/01- imt sdk/imt_sdk_win_64/imt_sdk_win_64/winavr/bin/../lib/gcc/avr/4.3.3/../../../../avr/lib/avr5/crtm32.o
LOAD ./MCAL/UART/UART_program.o
LOAD ./MCAL/GIE/GIE_program.o
LOAD ./MCAL/DIO/DIO_program.o
LOAD ./MCAL/ADC/ADC_program.o
LOAD ./HAL/STEPPER_MOTOR/STEPPER_program.o
LOAD ./HAL/LED/LED_program.o
LOAD ./HAL/CLCD/CLCD_program.o
LOAD ./APP/main.o
LOAD d:/salma/embedded system iti/tools/01- embedded systems avr tools-20230806t134253z-001/01- embedded systems avr tools/01- imt sdk/imt_sdk_win_64/imt_sdk_win_64/winavr/bin/../lib/gcc/avr/4.3.3/avr5\libgcc.a
LOAD d:/salma/embedded system iti/tools/01- embedded systems avr tools-20230806t134253z-001/01- embedded systems avr tools/01- imt sdk/imt_sdk_win_64/imt_sdk_win_64/winavr/bin/../lib/gcc/avr/4.3.3/../../../../avr/lib/avr5\libc.a
LOAD d:/salma/embedded system iti/tools/01- embedded systems avr tools-20230806t134253z-001/01- embedded systems avr tools/01- imt sdk/imt_sdk_win_64/imt_sdk_win_64/winavr/bin/../lib/gcc/avr/4.3.3/avr5\libgcc.a

.hash
 *(.hash)

.dynsym
 *(.dynsym)

.dynstr
 *(.dynstr)

.gnu.version
 *(.gnu.version)

.gnu.version_d
 *(.gnu.version_d)

.gnu.version_r
 *(.gnu.version_r)

.rel.init
 *(.rel.init)

.rela.init
 *(.rela.init)

.rel.text
 *(.rel.text)
 *(.rel.text.*)
 *(.rel.gnu.linkonce.t*)

.rela.text
 *(.rela.text)
 *(.rela.text.*)
 *(.rela.gnu.linkonce.t*)

.rel.fini
 *(.rel.fini)

.rela.fini
 *(.rela.fini)

.rel.rodata
 *(.rel.rodata)
 *(.rel.rodata.*)
 *(.rel.gnu.linkonce.r*)

.rela.rodata
 *(.rela.rodata)
 *(.rela.rodata.*)
 *(.rela.gnu.linkonce.r*)

.rel.data
 *(.rel.data)
 *(.rel.data.*)
 *(.rel.gnu.linkonce.d*)

.rela.data
 *(.rela.data)
 *(.rela.data.*)
 *(.rela.gnu.linkonce.d*)

.rel.ctors
 *(.rel.ctors)

.rela.ctors
 *(.rela.ctors)

.rel.dtors
 *(.rel.dtors)

.rela.dtors
 *(.rela.dtors)

.rel.got
 *(.rel.got)

.rela.got
 *(.rela.got)

.rel.bss
 *(.rel.bss)

.rela.bss
 *(.rela.bss)

.rel.plt
 *(.rel.plt)

.rela.plt
 *(.rela.plt)

.text           0x00000000     0x32de
 *(.vectors)
 .vectors       0x00000000       0x54 d:/salma/embedded system iti/tools/01- embedded systems avr tools-20230806t134253z-001/01- embedded systems avr tools/01- imt sdk/imt_sdk_win_64/imt_sdk_win_64/winavr/bin/../lib/gcc/avr/4.3.3/../../../../avr/lib/avr5/crtm32.o
                0x00000000                __vectors
                0x00000000                __vector_default
 *(.vectors)
 *(.progmem.gcc*)
 *(.progmem*)
                0x00000054                . = ALIGN (0x2)
                0x00000054                __trampolines_start = .
 *(.trampolines)
 .trampolines   0x00000054        0x0 linker stubs
 *(.trampolines*)
                0x00000054                __trampolines_end = .
 *(.jumptables)
 *(.jumptables*)
 *(.lowtext)
 *(.lowtext*)
                0x00000054                __ctors_start = .
 *(.ctors)
                0x00000054                __ctors_end = .
                0x00000054                __dtors_start = .
 *(.dtors)
                0x00000054                __dtors_end = .
 SORT(*)(.ctors)
 SORT(*)(.dtors)
 *(.init0)
 .init0         0x00000054        0x0 d:/salma/embedded system iti/tools/01- embedded systems avr tools-20230806t134253z-001/01- embedded systems avr tools/01- imt sdk/imt_sdk_win_64/imt_sdk_win_64/winavr/bin/../lib/gcc/avr/4.3.3/../../../../avr/lib/avr5/crtm32.o
                0x00000054                __init
 *(.init0)
 *(.init1)
 *(.init1)
 *(.init2)
 .init2         0x00000054        0xc d:/salma/embedded system iti/tools/01- embedded systems avr tools-20230806t134253z-001/01- embedded systems avr tools/01- imt sdk/imt_sdk_win_64/imt_sdk_win_64/winavr/bin/../lib/gcc/avr/4.3.3/../../../../avr/lib/avr5/crtm32.o
 *(.init2)
 *(.init3)
 *(.init3)
 *(.init4)
 .init4         0x00000060       0x16 d:/salma/embedded system iti/tools/01- embedded systems avr tools-20230806t134253z-001/01- embedded systems avr tools/01- imt sdk/imt_sdk_win_64/imt_sdk_win_64/winavr/bin/../lib/gcc/avr/4.3.3/avr5\libgcc.a(_copy_data.o)
                0x00000060                __do_copy_data
 .init4         0x00000076       0x10 d:/salma/embedded system iti/tools/01- embedded systems avr tools-20230806t134253z-001/01- embedded systems avr tools/01- imt sdk/imt_sdk_win_64/imt_sdk_win_64/winavr/bin/../lib/gcc/avr/4.3.3/avr5\libgcc.a(_clear_bss.o)
                0x00000076                __do_clear_bss
 *(.init4)
 *(.init5)
 *(.init5)
 *(.init6)
 *(.init6)
 *(.init7)
 *(.init7)
 *(.init8)
 *(.init8)
 *(.init9)
 .init9         0x00000086        0x8 d:/salma/embedded system iti/tools/01- embedded systems avr tools-20230806t134253z-001/01- embedded systems avr tools/01- imt sdk/imt_sdk_win_64/imt_sdk_win_64/winavr/bin/../lib/gcc/avr/4.3.3/../../../../avr/lib/avr5/crtm32.o
 *(.init9)
 *(.text)
 .text          0x0000008e        0x4 d:/salma/embedded system iti/tools/01- embedded systems avr tools-20230806t134253z-001/01- embedded systems avr tools/01- imt sdk/imt_sdk_win_64/imt_sdk_win_64/winavr/bin/../lib/gcc/avr/4.3.3/../../../../avr/lib/avr5/crtm32.o
                0x0000008e                __vector_1
                0x0000008e                __vector_12
                0x0000008e                __bad_interrupt
                0x0000008e                __vector_6
                0x0000008e                __vector_3
                0x0000008e                __vector_11
                0x0000008e                __vector_13
                0x0000008e                __vector_17
                0x0000008e                __vector_19
                0x0000008e                __vector_7
                0x0000008e                __vector_5
                0x0000008e                __vector_4
                0x0000008e                __vector_9
                0x0000008e                __vector_2
                0x0000008e                __vector_15
                0x0000008e                __vector_8
                0x0000008e                __vector_14
                0x0000008e                __vector_10
                0x0000008e                __vector_18
                0x0000008e                __vector_20
 .text          0x00000092        0x0 ./MCAL/UART/UART_program.o
 .text          0x00000092        0x0 ./MCAL/GIE/GIE_program.o
 .text          0x00000092        0x0 ./MCAL/DIO/DIO_program.o
 .text          0x00000092        0x0 ./MCAL/ADC/ADC_program.o
 .text          0x00000092        0x0 ./HAL/STEPPER_MOTOR/STEPPER_program.o
 .text          0x00000092        0x0 ./HAL/LED/LED_program.o
 .text          0x00000092        0x0 ./HAL/CLCD/CLCD_program.o
 .text          0x00000092        0x0 ./APP/main.o
 .text          0x00000092        0x0 d:/salma/embedded system iti/tools/01- embedded systems avr tools-20230806t134253z-001/01- embedded systems avr tools/01- imt sdk/imt_sdk_win_64/imt_sdk_win_64/winavr/bin/../lib/gcc/avr/4.3.3/avr5\libgcc.a(_mulsi3.o)
 .text          0x00000092        0x0 d:/salma/embedded system iti/tools/01- embedded systems avr tools-20230806t134253z-001/01- embedded systems avr tools/01- imt sdk/imt_sdk_win_64/imt_sdk_win_64/winavr/bin/../lib/gcc/avr/4.3.3/avr5\libgcc.a(_udivmodsi4.o)
 .text          0x00000092        0x0 d:/salma/embedded system iti/tools/01- embedded systems avr tools-20230806t134253z-001/01- embedded systems avr tools/01- imt sdk/imt_sdk_win_64/imt_sdk_win_64/winavr/bin/../lib/gcc/avr/4.3.3/avr5\libgcc.a(_divmodsi4.o)
 .text          0x00000092        0x0 d:/salma/embedded system iti/tools/01- embedded systems avr tools-20230806t134253z-001/01- embedded systems avr tools/01- imt sdk/imt_sdk_win_64/imt_sdk_win_64/winavr/bin/../lib/gcc/avr/4.3.3/avr5\libgcc.a(_exit.o)
 .text          0x00000092        0x0 d:/salma/embedded system iti/tools/01- embedded systems avr tools-20230806t134253z-001/01- embedded systems avr tools/01- imt sdk/imt_sdk_win_64/imt_sdk_win_64/winavr/bin/../lib/gcc/avr/4.3.3/avr5\libgcc.a(_copy_data.o)
 .text          0x00000092        0x0 d:/salma/embedded system iti/tools/01- embedded systems avr tools-20230806t134253z-001/01- embedded systems avr tools/01- imt sdk/imt_sdk_win_64/imt_sdk_win_64/winavr/bin/../lib/gcc/avr/4.3.3/avr5\libgcc.a(_clear_bss.o)
 .text          0x00000092       0x58 d:/salma/embedded system iti/tools/01- embedded systems avr tools-20230806t134253z-001/01- embedded systems avr tools/01- imt sdk/imt_sdk_win_64/imt_sdk_win_64/winavr/bin/../lib/gcc/avr/4.3.3/avr5\libgcc.a(_fixunssfsi.o)
                0x00000092                __fixunssfsi
 .text          0x000000ea      0x354 d:/salma/embedded system iti/tools/01- embedded systems avr tools-20230806t134253z-001/01- embedded systems avr tools/01- imt sdk/imt_sdk_win_64/imt_sdk_win_64/winavr/bin/../lib/gcc/avr/4.3.3/avr5\libgcc.a(_addsub_sf.o)
                0x00000382                __subsf3
                0x000003e4                __addsf3
 .text          0x0000043e      0x1f4 d:/salma/embedded system iti/tools/01- embedded systems avr tools-20230806t134253z-001/01- embedded systems avr tools/01- imt sdk/imt_sdk_win_64/imt_sdk_win_64/winavr/bin/../lib/gcc/avr/4.3.3/avr5\libgcc.a(_mul_sf.o)
                0x0000043e                __mulsf3
 .text          0x00000632       0x60 d:/salma/embedded system iti/tools/01- embedded systems avr tools-20230806t134253z-001/01- embedded systems avr tools/01- imt sdk/imt_sdk_win_64/imt_sdk_win_64/winavr/bin/../lib/gcc/avr/4.3.3/avr5\libgcc.a(_eq_sf.o)
                0x00000632                __eqsf2
 .text          0x00000692       0x60 d:/salma/embedded system iti/tools/01- embedded systems avr tools-20230806t134253z-001/01- embedded systems avr tools/01- imt sdk/imt_sdk_win_64/imt_sdk_win_64/winavr/bin/../lib/gcc/avr/4.3.3/avr5\libgcc.a(_gt_sf.o)
                0x00000692                __gtsf2
 .text          0x000006f2       0x60 d:/salma/embedded system iti/tools/01- embedded systems avr tools-20230806t134253z-001/01- embedded systems avr tools/01- imt sdk/imt_sdk_win_64/imt_sdk_win_64/winavr/bin/../lib/gcc/avr/4.3.3/avr5\libgcc.a(_ge_sf.o)
                0x000006f2                __gesf2
 .text          0x00000752       0x60 d:/salma/embedded system iti/tools/01- embedded systems avr tools-20230806t134253z-001/01- embedded systems avr tools/01- imt sdk/imt_sdk_win_64/imt_sdk_win_64/winavr/bin/../lib/gcc/avr/4.3.3/avr5\libgcc.a(_lt_sf.o)
                0x00000752                __ltsf2
 .text          0x000007b2       0xa8 d:/salma/embedded system iti/tools/01- embedded systems avr tools-20230806t134253z-001/01- embedded systems avr tools/01- imt sdk/imt_sdk_win_64/imt_sdk_win_64/winavr/bin/../lib/gcc/avr/4.3.3/avr5\libgcc.a(_sf_to_si.o)
                0x000007b2                __fixsfsi
 .text          0x0000085a        0x0 d:/salma/embedded system iti/tools/01- embedded systems avr tools-20230806t134253z-001/01- embedded systems avr tools/01- imt sdk/imt_sdk_win_64/imt_sdk_win_64/winavr/bin/../lib/gcc/avr/4.3.3/avr5\libgcc.a(_thenan_sf.o)
 .text          0x0000085a       0xf2 d:/salma/embedded system iti/tools/01- embedded systems avr tools-20230806t134253z-001/01- embedded systems avr tools/01- imt sdk/imt_sdk_win_64/imt_sdk_win_64/winavr/bin/../lib/gcc/avr/4.3.3/avr5\libgcc.a(_usi_to_sf.o)
                0x0000085a                __floatunsisf
 .text          0x0000094c        0x0 d:/salma/embedded system iti/tools/01- embedded systems avr tools-20230806t134253z-001/01- embedded systems avr tools/01- imt sdk/imt_sdk_win_64/imt_sdk_win_64/winavr/bin/../lib/gcc/avr/4.3.3/avr5\libgcc.a(_prologue.o)
 .text          0x0000094c        0x0 d:/salma/embedded system iti/tools/01- embedded systems avr tools-20230806t134253z-001/01- embedded systems avr tools/01- imt sdk/imt_sdk_win_64/imt_sdk_win_64/winavr/bin/../lib/gcc/avr/4.3.3/avr5\libgcc.a(_epilogue.o)
 .text          0x0000094c       0x9e d:/salma/embedded system iti/tools/01- embedded systems avr tools-20230806t134253z-001/01- embedded systems avr tools/01- imt sdk/imt_sdk_win_64/imt_sdk_win_64/winavr/bin/../lib/gcc/avr/4.3.3/avr5\libgcc.a(_clzsi2.o)
                0x0000094c                __clzsi2
 .text          0x000009ea      0x1aa d:/salma/embedded system iti/tools/01- embedded systems avr tools-20230806t134253z-001/01- embedded systems avr tools/01- imt sdk/imt_sdk_win_64/imt_sdk_win_64/winavr/bin/../lib/gcc/avr/4.3.3/avr5\libgcc.a(_pack_sf.o)
                0x000009ea                __pack_f
 .text          0x00000b94       0xf0 d:/salma/embedded system iti/tools/01- embedded systems avr tools-20230806t134253z-001/01- embedded systems avr tools/01- imt sdk/imt_sdk_win_64/imt_sdk_win_64/winavr/bin/../lib/gcc/avr/4.3.3/avr5\libgcc.a(_unpack_sf.o)
                0x00000b94                __unpack_f
 .text          0x00000c84       0xb2 d:/salma/embedded system iti/tools/01- embedded systems avr tools-20230806t134253z-001/01- embedded systems avr tools/01- imt sdk/imt_sdk_win_64/imt_sdk_win_64/winavr/bin/../lib/gcc/avr/4.3.3/avr5\libgcc.a(_fpcmp_parts_sf.o)
                0x00000c84                __fpcmp_parts_f
 .text          0x00000d36        0x0 d:/salma/embedded system iti/tools/01- embedded systems avr tools-20230806t134253z-001/01- embedded systems avr tools/01- imt sdk/imt_sdk_win_64/imt_sdk_win_64/winavr/bin/../lib/gcc/avr/4.3.3/avr5\libgcc.a(_clz.o)
                0x00000d36                . = ALIGN (0x2)
 *(.text.*)
 .text.MUART_voidInitialization
                0x00000d36        0xe ./MCAL/UART/UART_program.o
                0x00000d36                MUART_voidInitialization
 .text.MUART_voidSendData
                0x00000d44        0x8 ./MCAL/UART/UART_program.o
                0x00000d44                MUART_voidSendData
 .text.MUART_voidSendString
                0x00000d4c       0x24 ./MCAL/UART/UART_program.o
                0x00000d4c                MUART_voidSendString
 .text.MUART_voidRecieveData
                0x00000d70        0x8 ./MCAL/UART/UART_program.o
                0x00000d70                MUART_voidRecieveData
 .text.MUART_voidRecieveString
                0x00000d78       0x2e ./MCAL/UART/UART_program.o
                0x00000d78                MUART_voidRecieveString
 .text.MGIE_voidEnableGlobalInterrupt
                0x00000da6        0x8 ./MCAL/GIE/GIE_program.o
                0x00000da6                MGIE_voidEnableGlobalInterrupt
 .text.MGIE_voidDisableGlobalInterrupt
                0x00000dae        0x8 ./MCAL/GIE/GIE_program.o
                0x00000dae                MGIE_voidDisableGlobalInterrupt
 .text.MDIO_voidSetPinDirection
                0x00000db6       0xf2 ./MCAL/DIO/DIO_program.o
                0x00000db6                MDIO_voidSetPinDirection
 .text.MDIO_voidSetPinValue
                0x00000ea8       0xe6 ./MCAL/DIO/DIO_program.o
                0x00000ea8                MDIO_voidSetPinValue
 .text.MDIO_voidClrPinValue
                0x00000f8e       0x72 ./MCAL/DIO/DIO_program.o
                0x00000f8e                MDIO_voidClrPinValue
 .text.MDIO_voidGetPinValue
                0x00001000       0x68 ./MCAL/DIO/DIO_program.o
                0x00001000                MDIO_voidGetPinValue
 .text.MDIO_voidTogglePinValue
                0x00001068       0x6a ./MCAL/DIO/DIO_program.o
                0x00001068                MDIO_voidTogglePinValue
 .text.MDIO_voidSetPortDirection
                0x000010d2       0x22 ./MCAL/DIO/DIO_program.o
                0x000010d2                MDIO_voidSetPortDirection
 .text.MDIO_voidSetPortValue
                0x000010f4       0x22 ./MCAL/DIO/DIO_program.o
                0x000010f4                MDIO_voidSetPortValue
 .text.MDIO_voidClrPortValue
                0x00001116       0x22 ./MCAL/DIO/DIO_program.o
                0x00001116                MDIO_voidClrPortValue
 .text.MDIO_voidGetPortValue
                0x00001138       0x28 ./MCAL/DIO/DIO_program.o
                0x00001138                MDIO_voidGetPortValue
 .text.MDIO_voidTogglePortValue
                0x00001160       0x32 ./MCAL/DIO/DIO_program.o
                0x00001160                MDIO_voidTogglePortValue
 .text.MDIO_voidWriteHighNibbles
                0x00001192       0x4a ./MCAL/DIO/DIO_program.o
                0x00001192                MDIO_voidWriteHighNibbles
 .text.MDIO_voidWriteLowNibbles
                0x000011dc       0x4a ./MCAL/DIO/DIO_program.o
                0x000011dc                MDIO_voidWriteLowNibbles
 .text.MADC_voidInitialization
                0x00001226       0x1c ./MCAL/ADC/ADC_program.o
                0x00001226                MADC_voidInitialization
 .text.MADC_voidStartConversion
                0x00001242       0x56 ./MCAL/ADC/ADC_program.o
                0x00001242                MADC_voidStartConversion
 .text.MADC_voidEnableADC
                0x00001298        0x4 ./MCAL/ADC/ADC_program.o
                0x00001298                MADC_voidEnableADC
 .text.MADC_voidDisableADC
                0x0000129c        0x4 ./MCAL/ADC/ADC_program.o
                0x0000129c                MADC_voidDisableADC
 .text.MADC_voidEnableInterrupt
                0x000012a0        0x4 ./MCAL/ADC/ADC_program.o
                0x000012a0                MADC_voidEnableInterrupt
 .text.MADC_voidDisableInterrupt
                0x000012a4        0x4 ./MCAL/ADC/ADC_program.o
                0x000012a4                MADC_voidDisableInterrupt
 .text.MADC_u16GetResult
                0x000012a8       0x24 ./MCAL/ADC/ADC_program.o
                0x000012a8                MADC_u16GetResult
 .text.MADC_f32GetVoltValue
                0x000012cc       0x1e ./MCAL/ADC/ADC_program.o
                0x000012cc                MADC_f32GetVoltValue
 .text.MADC_f32LDRSensor
                0x000012ea       0x12 ./MCAL/ADC/ADC_program.o
                0x000012ea                MADC_f32LDRSensor
 .text.MADC_voidSetCallback
                0x000012fc        0xa ./MCAL/ADC/ADC_program.o
                0x000012fc                MADC_voidSetCallback
 .text.__vector_16
                0x00001306       0x54 ./MCAL/ADC/ADC_program.o
                0x00001306                __vector_16
 .text.HSTEPPER_voidOff
                0x0000135a       0x2a ./HAL/STEPPER_MOTOR/STEPPER_program.o
                0x0000135a                HSTEPPER_voidOff
 .text.HSTEPPER_voidOn
                0x00001384      0xf8e ./HAL/STEPPER_MOTOR/STEPPER_program.o
                0x00001384                HSTEPPER_voidOn
 .text.HSTEPER_voidOnCCW
                0x00002312       0xea ./HAL/STEPPER_MOTOR/STEPPER_program.o
                0x00002312                HSTEPER_voidOnCCW
 .text.HSTEPER_voidOnCW
                0x000023fc      0x15e ./HAL/STEPPER_MOTOR/STEPPER_program.o
                0x000023fc                HSTEPER_voidOnCW
 .text.HSTEPPER_voidInitialization
                0x0000255a       0x52 ./HAL/STEPPER_MOTOR/STEPPER_program.o
                0x0000255a                HSTEPPER_voidInitialization
 .text.HSTEPER_voidOnCCWS
                0x000025ac      0x17e ./HAL/STEPPER_MOTOR/STEPPER_program.o
                0x000025ac                HSTEPER_voidOnCCWS
 .text.HSTEPER_voidOnCWS
                0x0000272a      0x1f2 ./HAL/STEPPER_MOTOR/STEPPER_program.o
                0x0000272a                HSTEPER_voidOnCWS
 .text.HLED_voidLEDToggle
                0x0000291c       0x28 ./HAL/LED/LED_program.o
                0x0000291c                HLED_voidLEDToggle
 .text.HLED_voidLEDIOff
                0x00002944       0x2a ./HAL/LED/LED_program.o
                0x00002944                HLED_voidLEDIOff
 .text.HLED_voidLEDOn
                0x0000296e       0x2a ./HAL/LED/LED_program.o
                0x0000296e                HLED_voidLEDOn
 .text.HLED_voidLEDIntialization
                0x00002998       0x2a ./HAL/LED/LED_program.o
                0x00002998                HLED_voidLEDIntialization
 .text.CLCD_voidSendFallingEdge
                0x000029c2       0x2e ./HAL/CLCD/CLCD_program.o
 .text.CLCD_voidSendCommand
                0x000029f0       0x2a ./HAL/CLCD/CLCD_program.o
                0x000029f0                CLCD_voidSendCommand
 .text.CLCD_voidSetPosition
                0x00002a1a       0x20 ./HAL/CLCD/CLCD_program.o
                0x00002a1a                CLCD_voidSetPosition
 .text.CLCD_voidClearScreen
                0x00002a3a       0x10 ./HAL/CLCD/CLCD_program.o
                0x00002a3a                CLCD_voidClearScreen
 .text.CLCD_voidSendData
                0x00002a4a       0x2a ./HAL/CLCD/CLCD_program.o
                0x00002a4a                CLCD_voidSendData
 .text.HLCD_voidDispSpecialChar
                0x00002a74       0x5a ./HAL/CLCD/CLCD_program.o
                0x00002a74                HLCD_voidDispSpecialChar
 .text.CLCD_voidSendFloat
                0x00002ace      0x1aa ./HAL/CLCD/CLCD_program.o
                0x00002ace                CLCD_voidSendFloat
 .text.CLCD_voidSendNumber
                0x00002c78      0x102 ./HAL/CLCD/CLCD_program.o
                0x00002c78                CLCD_voidSendNumber
 .text.CLCD_voidSendString
                0x00002d7a       0x26 ./HAL/CLCD/CLCD_program.o
                0x00002d7a                CLCD_voidSendString
 .text.CLCD_voidInitialization
                0x00002da0       0x84 ./HAL/CLCD/CLCD_program.o
                0x00002da0                CLCD_voidInitialization
 .text.main     0x00002e24      0x390 ./APP/main.o
                0x00002e24                main
 .text.libgcc   0x000031b4       0x3e d:/salma/embedded system iti/tools/01- embedded systems avr tools-20230806t134253z-001/01- embedded systems avr tools/01- imt sdk/imt_sdk_win_64/imt_sdk_win_64/winavr/bin/../lib/gcc/avr/4.3.3/avr5\libgcc.a(_mulsi3.o)
                0x000031b4                __mulsi3
 .text.libgcc   0x000031f2       0x44 d:/salma/embedded system iti/tools/01- embedded systems avr tools-20230806t134253z-001/01- embedded systems avr tools/01- imt sdk/imt_sdk_win_64/imt_sdk_win_64/winavr/bin/../lib/gcc/avr/4.3.3/avr5\libgcc.a(_udivmodsi4.o)
                0x000031f2                __udivmodsi4
 .text.libgcc   0x00003236       0x36 d:/salma/embedded system iti/tools/01- embedded systems avr tools-20230806t134253z-001/01- embedded systems avr tools/01- imt sdk/imt_sdk_win_64/imt_sdk_win_64/winavr/bin/../lib/gcc/avr/4.3.3/avr5\libgcc.a(_divmodsi4.o)
                0x00003236                __divmodsi4
 .text.libgcc   0x0000326c        0x0 d:/salma/embedded system iti/tools/01- embedded systems avr tools-20230806t134253z-001/01- embedded systems avr tools/01- imt sdk/imt_sdk_win_64/imt_sdk_win_64/winavr/bin/../lib/gcc/avr/4.3.3/avr5\libgcc.a(_exit.o)
 .text.libgcc   0x0000326c        0x0 d:/salma/embedded system iti/tools/01- embedded systems avr tools-20230806t134253z-001/01- embedded systems avr tools/01- imt sdk/imt_sdk_win_64/imt_sdk_win_64/winavr/bin/../lib/gcc/avr/4.3.3/avr5\libgcc.a(_copy_data.o)
 .text.libgcc   0x0000326c        0x0 d:/salma/embedded system iti/tools/01- embedded systems avr tools-20230806t134253z-001/01- embedded systems avr tools/01- imt sdk/imt_sdk_win_64/imt_sdk_win_64/winavr/bin/../lib/gcc/avr/4.3.3/avr5\libgcc.a(_clear_bss.o)
 .text.libgcc   0x0000326c       0x38 d:/salma/embedded system iti/tools/01- embedded systems avr tools-20230806t134253z-001/01- embedded systems avr tools/01- imt sdk/imt_sdk_win_64/imt_sdk_win_64/winavr/bin/../lib/gcc/avr/4.3.3/avr5\libgcc.a(_prologue.o)
                0x0000326c                __prologue_saves__
 .text.libgcc   0x000032a4       0x36 d:/salma/embedded system iti/tools/01- embedded systems avr tools-20230806t134253z-001/01- embedded systems avr tools/01- imt sdk/imt_sdk_win_64/imt_sdk_win_64/winavr/bin/../lib/gcc/avr/4.3.3/avr5\libgcc.a(_epilogue.o)
                0x000032a4                __epilogue_restores__
                0x000032da                . = ALIGN (0x2)
 *(.fini9)
 .fini9         0x000032da        0x0 d:/salma/embedded system iti/tools/01- embedded systems avr tools-20230806t134253z-001/01- embedded systems avr tools/01- imt sdk/imt_sdk_win_64/imt_sdk_win_64/winavr/bin/../lib/gcc/avr/4.3.3/avr5\libgcc.a(_exit.o)
                0x000032da                exit
                0x000032da                _exit
 *(.fini9)
 *(.fini8)
 *(.fini8)
 *(.fini7)
 *(.fini7)
 *(.fini6)
 *(.fini6)
 *(.fini5)
 *(.fini5)
 *(.fini4)
 *(.fini4)
 *(.fini3)
 *(.fini3)
 *(.fini2)
 *(.fini2)
 *(.fini1)
 *(.fini1)
 *(.fini0)
 .fini0         0x000032da        0x4 d:/salma/embedded system iti/tools/01- embedded systems avr tools-20230806t134253z-001/01- embedded systems avr tools/01- imt sdk/imt_sdk_win_64/imt_sdk_win_64/winavr/bin/../lib/gcc/avr/4.3.3/avr5\libgcc.a(_exit.o)
 *(.fini0)
                0x000032de                _etext = .

.data           0x00800060      0x142 load address 0x000032de
                0x00800060                PROVIDE (__data_start, .)
 *(.data)
 .data          0x00800060        0x0 d:/salma/embedded system iti/tools/01- embedded systems avr tools-20230806t134253z-001/01- embedded systems avr tools/01- imt sdk/imt_sdk_win_64/imt_sdk_win_64/winavr/bin/../lib/gcc/avr/4.3.3/../../../../avr/lib/avr5/crtm32.o
 .data          0x00800060        0x0 ./MCAL/UART/UART_program.o
 .data          0x00800060        0x0 ./MCAL/GIE/GIE_program.o
 .data          0x00800060        0x0 ./MCAL/DIO/DIO_program.o
 .data          0x00800060        0x0 ./MCAL/ADC/ADC_program.o
 .data          0x00800060        0x0 ./HAL/STEPPER_MOTOR/STEPPER_program.o
 .data          0x00800060        0x0 ./HAL/LED/LED_program.o
 .data          0x00800060        0x0 ./HAL/CLCD/CLCD_program.o
 .data          0x00800060       0x27 ./APP/main.o
 .data          0x00800087        0x0 d:/salma/embedded system iti/tools/01- embedded systems avr tools-20230806t134253z-001/01- embedded systems avr tools/01- imt sdk/imt_sdk_win_64/imt_sdk_win_64/winavr/bin/../lib/gcc/avr/4.3.3/avr5\libgcc.a(_mulsi3.o)
 .data          0x00800087        0x0 d:/salma/embedded system iti/tools/01- embedded systems avr tools-20230806t134253z-001/01- embedded systems avr tools/01- imt sdk/imt_sdk_win_64/imt_sdk_win_64/winavr/bin/../lib/gcc/avr/4.3.3/avr5\libgcc.a(_udivmodsi4.o)
 .data          0x00800087        0x0 d:/salma/embedded system iti/tools/01- embedded systems avr tools-20230806t134253z-001/01- embedded systems avr tools/01- imt sdk/imt_sdk_win_64/imt_sdk_win_64/winavr/bin/../lib/gcc/avr/4.3.3/avr5\libgcc.a(_divmodsi4.o)
 .data          0x00800087        0x0 d:/salma/embedded system iti/tools/01- embedded systems avr tools-20230806t134253z-001/01- embedded systems avr tools/01- imt sdk/imt_sdk_win_64/imt_sdk_win_64/winavr/bin/../lib/gcc/avr/4.3.3/avr5\libgcc.a(_exit.o)
 .data          0x00800087        0x0 d:/salma/embedded system iti/tools/01- embedded systems avr tools-20230806t134253z-001/01- embedded systems avr tools/01- imt sdk/imt_sdk_win_64/imt_sdk_win_64/winavr/bin/../lib/gcc/avr/4.3.3/avr5\libgcc.a(_copy_data.o)
 .data          0x00800087        0x0 d:/salma/embedded system iti/tools/01- embedded systems avr tools-20230806t134253z-001/01- embedded systems avr tools/01- imt sdk/imt_sdk_win_64/imt_sdk_win_64/winavr/bin/../lib/gcc/avr/4.3.3/avr5\libgcc.a(_clear_bss.o)
 .data          0x00800087        0x0 d:/salma/embedded system iti/tools/01- embedded systems avr tools-20230806t134253z-001/01- embedded systems avr tools/01- imt sdk/imt_sdk_win_64/imt_sdk_win_64/winavr/bin/../lib/gcc/avr/4.3.3/avr5\libgcc.a(_fixunssfsi.o)
 .data          0x00800087        0x0 d:/salma/embedded system iti/tools/01- embedded systems avr tools-20230806t134253z-001/01- embedded systems avr tools/01- imt sdk/imt_sdk_win_64/imt_sdk_win_64/winavr/bin/../lib/gcc/avr/4.3.3/avr5\libgcc.a(_addsub_sf.o)
 .data          0x00800087        0x0 d:/salma/embedded system iti/tools/01- embedded systems avr tools-20230806t134253z-001/01- embedded systems avr tools/01- imt sdk/imt_sdk_win_64/imt_sdk_win_64/winavr/bin/../lib/gcc/avr/4.3.3/avr5\libgcc.a(_mul_sf.o)
 .data          0x00800087        0x0 d:/salma/embedded system iti/tools/01- embedded systems avr tools-20230806t134253z-001/01- embedded systems avr tools/01- imt sdk/imt_sdk_win_64/imt_sdk_win_64/winavr/bin/../lib/gcc/avr/4.3.3/avr5\libgcc.a(_eq_sf.o)
 .data          0x00800087        0x0 d:/salma/embedded system iti/tools/01- embedded systems avr tools-20230806t134253z-001/01- embedded systems avr tools/01- imt sdk/imt_sdk_win_64/imt_sdk_win_64/winavr/bin/../lib/gcc/avr/4.3.3/avr5\libgcc.a(_gt_sf.o)
 .data          0x00800087        0x0 d:/salma/embedded system iti/tools/01- embedded systems avr tools-20230806t134253z-001/01- embedded systems avr tools/01- imt sdk/imt_sdk_win_64/imt_sdk_win_64/winavr/bin/../lib/gcc/avr/4.3.3/avr5\libgcc.a(_ge_sf.o)
 .data          0x00800087        0x0 d:/salma/embedded system iti/tools/01- embedded systems avr tools-20230806t134253z-001/01- embedded systems avr tools/01- imt sdk/imt_sdk_win_64/imt_sdk_win_64/winavr/bin/../lib/gcc/avr/4.3.3/avr5\libgcc.a(_lt_sf.o)
 .data          0x00800087        0x0 d:/salma/embedded system iti/tools/01- embedded systems avr tools-20230806t134253z-001/01- embedded systems avr tools/01- imt sdk/imt_sdk_win_64/imt_sdk_win_64/winavr/bin/../lib/gcc/avr/4.3.3/avr5\libgcc.a(_sf_to_si.o)
 .data          0x00800087        0x8 d:/salma/embedded system iti/tools/01- embedded systems avr tools-20230806t134253z-001/01- embedded systems avr tools/01- imt sdk/imt_sdk_win_64/imt_sdk_win_64/winavr/bin/../lib/gcc/avr/4.3.3/avr5\libgcc.a(_thenan_sf.o)
                0x00800087                __thenan_sf
 .data          0x0080008f        0x0 d:/salma/embedded system iti/tools/01- embedded systems avr tools-20230806t134253z-001/01- embedded systems avr tools/01- imt sdk/imt_sdk_win_64/imt_sdk_win_64/winavr/bin/../lib/gcc/avr/4.3.3/avr5\libgcc.a(_usi_to_sf.o)
 .data          0x0080008f        0x0 d:/salma/embedded system iti/tools/01- embedded systems avr tools-20230806t134253z-001/01- embedded systems avr tools/01- imt sdk/imt_sdk_win_64/imt_sdk_win_64/winavr/bin/../lib/gcc/avr/4.3.3/avr5\libgcc.a(_prologue.o)
 .data          0x0080008f        0x0 d:/salma/embedded system iti/tools/01- embedded systems avr tools-20230806t134253z-001/01- embedded systems avr tools/01- imt sdk/imt_sdk_win_64/imt_sdk_win_64/winavr/bin/../lib/gcc/avr/4.3.3/avr5\libgcc.a(_epilogue.o)
 .data          0x0080008f        0x0 d:/salma/embedded system iti/tools/01- embedded systems avr tools-20230806t134253z-001/01- embedded systems avr tools/01- imt sdk/imt_sdk_win_64/imt_sdk_win_64/winavr/bin/../lib/gcc/avr/4.3.3/avr5\libgcc.a(_clzsi2.o)
 .data          0x0080008f        0x0 d:/salma/embedded system iti/tools/01- embedded systems avr tools-20230806t134253z-001/01- embedded systems avr tools/01- imt sdk/imt_sdk_win_64/imt_sdk_win_64/winavr/bin/../lib/gcc/avr/4.3.3/avr5\libgcc.a(_pack_sf.o)
 .data          0x0080008f        0x0 d:/salma/embedded system iti/tools/01- embedded systems avr tools-20230806t134253z-001/01- embedded systems avr tools/01- imt sdk/imt_sdk_win_64/imt_sdk_win_64/winavr/bin/../lib/gcc/avr/4.3.3/avr5\libgcc.a(_unpack_sf.o)
 .data          0x0080008f        0x0 d:/salma/embedded system iti/tools/01- embedded systems avr tools-20230806t134253z-001/01- embedded systems avr tools/01- imt sdk/imt_sdk_win_64/imt_sdk_win_64/winavr/bin/../lib/gcc/avr/4.3.3/avr5\libgcc.a(_fpcmp_parts_sf.o)
 .data          0x0080008f      0x100 d:/salma/embedded system iti/tools/01- embedded systems avr tools-20230806t134253z-001/01- embedded systems avr tools/01- imt sdk/imt_sdk_win_64/imt_sdk_win_64/winavr/bin/../lib/gcc/avr/4.3.3/avr5\libgcc.a(_clz.o)
                0x0080008f                __clz_tab
 *(.data*)
 .data.ENTRY_STEPPER
                0x0080018f        0x5 ./APP/main.o
                0x0080018f                ENTRY_STEPPER
 .data.EXIT_STEPPER
                0x00800194        0x5 ./APP/main.o
                0x00800194                EXIT_STEPPER
 *(.rodata)
 *(.rodata*)
 .rodata.C.0.1424
                0x00800199        0x8 ./APP/main.o
 *(.gnu.linkonce.d*)
                0x008001a2                . = ALIGN (0x2)
 *fill*         0x008001a1        0x1 00
                0x008001a2                _edata = .
                0x008001a2                PROVIDE (__data_end, .)

.bss            0x008001a2        0x2
                0x008001a2                PROVIDE (__bss_start, .)
 *(.bss)
 .bss           0x008001a2        0x0 d:/salma/embedded system iti/tools/01- embedded systems avr tools-20230806t134253z-001/01- embedded systems avr tools/01- imt sdk/imt_sdk_win_64/imt_sdk_win_64/winavr/bin/../lib/gcc/avr/4.3.3/../../../../avr/lib/avr5/crtm32.o
 .bss           0x008001a2        0x0 ./MCAL/UART/UART_program.o
 .bss           0x008001a2        0x0 ./MCAL/GIE/GIE_program.o
 .bss           0x008001a2        0x0 ./MCAL/DIO/DIO_program.o
 .bss           0x008001a2        0x0 ./MCAL/ADC/ADC_program.o
 .bss           0x008001a2        0x0 ./HAL/STEPPER_MOTOR/STEPPER_program.o
 .bss           0x008001a2        0x0 ./HAL/LED/LED_program.o
 .bss           0x008001a2        0x0 ./HAL/CLCD/CLCD_program.o
 .bss           0x008001a2        0x0 ./APP/main.o
 .bss           0x008001a2        0x0 d:/salma/embedded system iti/tools/01- embedded systems avr tools-20230806t134253z-001/01- embedded systems avr tools/01- imt sdk/imt_sdk_win_64/imt_sdk_win_64/winavr/bin/../lib/gcc/avr/4.3.3/avr5\libgcc.a(_mulsi3.o)
 .bss           0x008001a2        0x0 d:/salma/embedded system iti/tools/01- embedded systems avr tools-20230806t134253z-001/01- embedded systems avr tools/01- imt sdk/imt_sdk_win_64/imt_sdk_win_64/winavr/bin/../lib/gcc/avr/4.3.3/avr5\libgcc.a(_udivmodsi4.o)
 .bss           0x008001a2        0x0 d:/salma/embedded system iti/tools/01- embedded systems avr tools-20230806t134253z-001/01- embedded systems avr tools/01- imt sdk/imt_sdk_win_64/imt_sdk_win_64/winavr/bin/../lib/gcc/avr/4.3.3/avr5\libgcc.a(_divmodsi4.o)
 .bss           0x008001a2        0x0 d:/salma/embedded system iti/tools/01- embedded systems avr tools-20230806t134253z-001/01- embedded systems avr tools/01- imt sdk/imt_sdk_win_64/imt_sdk_win_64/winavr/bin/../lib/gcc/avr/4.3.3/avr5\libgcc.a(_exit.o)
 .bss           0x008001a2        0x0 d:/salma/embedded system iti/tools/01- embedded systems avr tools-20230806t134253z-001/01- embedded systems avr tools/01- imt sdk/imt_sdk_win_64/imt_sdk_win_64/winavr/bin/../lib/gcc/avr/4.3.3/avr5\libgcc.a(_copy_data.o)
 .bss           0x008001a2        0x0 d:/salma/embedded system iti/tools/01- embedded systems avr tools-20230806t134253z-001/01- embedded systems avr tools/01- imt sdk/imt_sdk_win_64/imt_sdk_win_64/winavr/bin/../lib/gcc/avr/4.3.3/avr5\libgcc.a(_clear_bss.o)
 .bss           0x008001a2        0x0 d:/salma/embedded system iti/tools/01- embedded systems avr tools-20230806t134253z-001/01- embedded systems avr tools/01- imt sdk/imt_sdk_win_64/imt_sdk_win_64/winavr/bin/../lib/gcc/avr/4.3.3/avr5\libgcc.a(_fixunssfsi.o)
 .bss           0x008001a2        0x0 d:/salma/embedded system iti/tools/01- embedded systems avr tools-20230806t134253z-001/01- embedded systems avr tools/01- imt sdk/imt_sdk_win_64/imt_sdk_win_64/winavr/bin/../lib/gcc/avr/4.3.3/avr5\libgcc.a(_addsub_sf.o)
 .bss           0x008001a2        0x0 d:/salma/embedded system iti/tools/01- embedded systems avr tools-20230806t134253z-001/01- embedded systems avr tools/01- imt sdk/imt_sdk_win_64/imt_sdk_win_64/winavr/bin/../lib/gcc/avr/4.3.3/avr5\libgcc.a(_mul_sf.o)
 .bss           0x008001a2        0x0 d:/salma/embedded system iti/tools/01- embedded systems avr tools-20230806t134253z-001/01- embedded systems avr tools/01- imt sdk/imt_sdk_win_64/imt_sdk_win_64/winavr/bin/../lib/gcc/avr/4.3.3/avr5\libgcc.a(_eq_sf.o)
 .bss           0x008001a2        0x0 d:/salma/embedded system iti/tools/01- embedded systems avr tools-20230806t134253z-001/01- embedded systems avr tools/01- imt sdk/imt_sdk_win_64/imt_sdk_win_64/winavr/bin/../lib/gcc/avr/4.3.3/avr5\libgcc.a(_gt_sf.o)
 .bss           0x008001a2        0x0 d:/salma/embedded system iti/tools/01- embedded systems avr tools-20230806t134253z-001/01- embedded systems avr tools/01- imt sdk/imt_sdk_win_64/imt_sdk_win_64/winavr/bin/../lib/gcc/avr/4.3.3/avr5\libgcc.a(_ge_sf.o)
 .bss           0x008001a2        0x0 d:/salma/embedded system iti/tools/01- embedded systems avr tools-20230806t134253z-001/01- embedded systems avr tools/01- imt sdk/imt_sdk_win_64/imt_sdk_win_64/winavr/bin/../lib/gcc/avr/4.3.3/avr5\libgcc.a(_lt_sf.o)
 .bss           0x008001a2        0x0 d:/salma/embedded system iti/tools/01- embedded systems avr tools-20230806t134253z-001/01- embedded systems avr tools/01- imt sdk/imt_sdk_win_64/imt_sdk_win_64/winavr/bin/../lib/gcc/avr/4.3.3/avr5\libgcc.a(_sf_to_si.o)
 .bss           0x008001a2        0x0 d:/salma/embedded system iti/tools/01- embedded systems avr tools-20230806t134253z-001/01- embedded systems avr tools/01- imt sdk/imt_sdk_win_64/imt_sdk_win_64/winavr/bin/../lib/gcc/avr/4.3.3/avr5\libgcc.a(_thenan_sf.o)
 .bss           0x008001a2        0x0 d:/salma/embedded system iti/tools/01- embedded systems avr tools-20230806t134253z-001/01- embedded systems avr tools/01- imt sdk/imt_sdk_win_64/imt_sdk_win_64/winavr/bin/../lib/gcc/avr/4.3.3/avr5\libgcc.a(_usi_to_sf.o)
 .bss           0x008001a2        0x0 d:/salma/embedded system iti/tools/01- embedded systems avr tools-20230806t134253z-001/01- embedded systems avr tools/01- imt sdk/imt_sdk_win_64/imt_sdk_win_64/winavr/bin/../lib/gcc/avr/4.3.3/avr5\libgcc.a(_prologue.o)
 .bss           0x008001a2        0x0 d:/salma/embedded system iti/tools/01- embedded systems avr tools-20230806t134253z-001/01- embedded systems avr tools/01- imt sdk/imt_sdk_win_64/imt_sdk_win_64/winavr/bin/../lib/gcc/avr/4.3.3/avr5\libgcc.a(_epilogue.o)
 .bss           0x008001a2        0x0 d:/salma/embedded system iti/tools/01- embedded systems avr tools-20230806t134253z-001/01- embedded systems avr tools/01- imt sdk/imt_sdk_win_64/imt_sdk_win_64/winavr/bin/../lib/gcc/avr/4.3.3/avr5\libgcc.a(_clzsi2.o)
 .bss           0x008001a2        0x0 d:/salma/embedded system iti/tools/01- embedded systems avr tools-20230806t134253z-001/01- embedded systems avr tools/01- imt sdk/imt_sdk_win_64/imt_sdk_win_64/winavr/bin/../lib/gcc/avr/4.3.3/avr5\libgcc.a(_pack_sf.o)
 .bss           0x008001a2        0x0 d:/salma/embedded system iti/tools/01- embedded systems avr tools-20230806t134253z-001/01- embedded systems avr tools/01- imt sdk/imt_sdk_win_64/imt_sdk_win_64/winavr/bin/../lib/gcc/avr/4.3.3/avr5\libgcc.a(_unpack_sf.o)
 .bss           0x008001a2        0x0 d:/salma/embedded system iti/tools/01- embedded systems avr tools-20230806t134253z-001/01- embedded systems avr tools/01- imt sdk/imt_sdk_win_64/imt_sdk_win_64/winavr/bin/../lib/gcc/avr/4.3.3/avr5\libgcc.a(_fpcmp_parts_sf.o)
 .bss           0x008001a2        0x0 d:/salma/embedded system iti/tools/01- embedded systems avr tools-20230806t134253z-001/01- embedded systems avr tools/01- imt sdk/imt_sdk_win_64/imt_sdk_win_64/winavr/bin/../lib/gcc/avr/4.3.3/avr5\libgcc.a(_clz.o)
 *(.bss*)
 .bss.ADC_CallBack
                0x008001a2        0x2 ./MCAL/ADC/ADC_program.o
                0x008001a2                ADC_CallBack
 *(COMMON)
                0x008001a4                PROVIDE (__bss_end, .)
                0x000032de                __data_load_start = LOADADDR (.data)
                0x00003420                __data_load_end = (__data_load_start + SIZEOF (.data))

.noinit         0x008001a4        0x0
                0x008001a4                PROVIDE (__noinit_start, .)
 *(.noinit*)
                0x008001a4                PROVIDE (__noinit_end, .)
                0x008001a4                _end = .
                0x008001a4                PROVIDE (__heap_start, .)

.eeprom         0x00810000        0x0
 *(.eeprom*)
                0x00810000                __eeprom_end = .

.fuse
 *(.fuse)
 *(.lfuse)
 *(.hfuse)
 *(.efuse)

.lock
 *(.lock*)

.signature
 *(.signature*)

.stab
 *(.stab)

.stabstr
 *(.stabstr)

.stab.excl
 *(.stab.excl)

.stab.exclstr
 *(.stab.exclstr)

.stab.index
 *(.stab.index)

.stab.indexstr
 *(.stab.indexstr)

.comment
 *(.comment)

.debug
 *(.debug)

.line
 *(.line)

.debug_srcinfo
 *(.debug_srcinfo)

.debug_sfnames
 *(.debug_sfnames)

.debug_aranges  0x00000000      0x1a0
 *(.debug_aranges)
 .debug_aranges
                0x00000000       0x20 d:/salma/embedded system iti/tools/01- embedded systems avr tools-20230806t134253z-001/01- embedded systems avr tools/01- imt sdk/imt_sdk_win_64/imt_sdk_win_64/winavr/bin/../lib/gcc/avr/4.3.3/avr5\libgcc.a(_fixunssfsi.o)
 .debug_aranges
                0x00000020       0x20 d:/salma/embedded system iti/tools/01- embedded systems avr tools-20230806t134253z-001/01- embedded systems avr tools/01- imt sdk/imt_sdk_win_64/imt_sdk_win_64/winavr/bin/../lib/gcc/avr/4.3.3/avr5\libgcc.a(_addsub_sf.o)
 .debug_aranges
                0x00000040       0x20 d:/salma/embedded system iti/tools/01- embedded systems avr tools-20230806t134253z-001/01- embedded systems avr tools/01- imt sdk/imt_sdk_win_64/imt_sdk_win_64/winavr/bin/../lib/gcc/avr/4.3.3/avr5\libgcc.a(_mul_sf.o)
 .debug_aranges
                0x00000060       0x20 d:/salma/embedded system iti/tools/01- embedded systems avr tools-20230806t134253z-001/01- embedded systems avr tools/01- imt sdk/imt_sdk_win_64/imt_sdk_win_64/winavr/bin/../lib/gcc/avr/4.3.3/avr5\libgcc.a(_eq_sf.o)
 .debug_aranges
                0x00000080       0x20 d:/salma/embedded system iti/tools/01- embedded systems avr tools-20230806t134253z-001/01- embedded systems avr tools/01- imt sdk/imt_sdk_win_64/imt_sdk_win_64/winavr/bin/../lib/gcc/avr/4.3.3/avr5\libgcc.a(_gt_sf.o)
 .debug_aranges
                0x000000a0       0x20 d:/salma/embedded system iti/tools/01- embedded systems avr tools-20230806t134253z-001/01- embedded systems avr tools/01- imt sdk/imt_sdk_win_64/imt_sdk_win_64/winavr/bin/../lib/gcc/avr/4.3.3/avr5\libgcc.a(_ge_sf.o)
 .debug_aranges
                0x000000c0       0x20 d:/salma/embedded system iti/tools/01- embedded systems avr tools-20230806t134253z-001/01- embedded systems avr tools/01- imt sdk/imt_sdk_win_64/imt_sdk_win_64/winavr/bin/../lib/gcc/avr/4.3.3/avr5\libgcc.a(_lt_sf.o)
 .debug_aranges
                0x000000e0       0x20 d:/salma/embedded system iti/tools/01- embedded systems avr tools-20230806t134253z-001/01- embedded systems avr tools/01- imt sdk/imt_sdk_win_64/imt_sdk_win_64/winavr/bin/../lib/gcc/avr/4.3.3/avr5\libgcc.a(_sf_to_si.o)
 .debug_aranges
                0x00000100       0x20 d:/salma/embedded system iti/tools/01- embedded systems avr tools-20230806t134253z-001/01- embedded systems avr tools/01- imt sdk/imt_sdk_win_64/imt_sdk_win_64/winavr/bin/../lib/gcc/avr/4.3.3/avr5\libgcc.a(_usi_to_sf.o)
 .debug_aranges
                0x00000120       0x20 d:/salma/embedded system iti/tools/01- embedded systems avr tools-20230806t134253z-001/01- embedded systems avr tools/01- imt sdk/imt_sdk_win_64/imt_sdk_win_64/winavr/bin/../lib/gcc/avr/4.3.3/avr5\libgcc.a(_clzsi2.o)
 .debug_aranges
                0x00000140       0x20 d:/salma/embedded system iti/tools/01- embedded systems avr tools-20230806t134253z-001/01- embedded systems avr tools/01- imt sdk/imt_sdk_win_64/imt_sdk_win_64/winavr/bin/../lib/gcc/avr/4.3.3/avr5\libgcc.a(_pack_sf.o)
 .debug_aranges
                0x00000160       0x20 d:/salma/embedded system iti/tools/01- embedded systems avr tools-20230806t134253z-001/01- embedded systems avr tools/01- imt sdk/imt_sdk_win_64/imt_sdk_win_64/winavr/bin/../lib/gcc/avr/4.3.3/avr5\libgcc.a(_unpack_sf.o)
 .debug_aranges
                0x00000180       0x20 d:/salma/embedded system iti/tools/01- embedded systems avr tools-20230806t134253z-001/01- embedded systems avr tools/01- imt sdk/imt_sdk_win_64/imt_sdk_win_64/winavr/bin/../lib/gcc/avr/4.3.3/avr5\libgcc.a(_fpcmp_parts_sf.o)

.debug_pubnames
                0x00000000      0x1f1
 *(.debug_pubnames)
 .debug_pubnames
                0x00000000       0x23 d:/salma/embedded system iti/tools/01- embedded systems avr tools-20230806t134253z-001/01- embedded systems avr tools/01- imt sdk/imt_sdk_win_64/imt_sdk_win_64/winavr/bin/../lib/gcc/avr/4.3.3/avr5\libgcc.a(_fixunssfsi.o)
 .debug_pubnames
                0x00000023       0x2c d:/salma/embedded system iti/tools/01- embedded systems avr tools-20230806t134253z-001/01- embedded systems avr tools/01- imt sdk/imt_sdk_win_64/imt_sdk_win_64/winavr/bin/../lib/gcc/avr/4.3.3/avr5\libgcc.a(_addsub_sf.o)
 .debug_pubnames
                0x0000004f       0x1f d:/salma/embedded system iti/tools/01- embedded systems avr tools-20230806t134253z-001/01- embedded systems avr tools/01- imt sdk/imt_sdk_win_64/imt_sdk_win_64/winavr/bin/../lib/gcc/avr/4.3.3/avr5\libgcc.a(_mul_sf.o)
 .debug_pubnames
                0x0000006e       0x1e d:/salma/embedded system iti/tools/01- embedded systems avr tools-20230806t134253z-001/01- embedded systems avr tools/01- imt sdk/imt_sdk_win_64/imt_sdk_win_64/winavr/bin/../lib/gcc/avr/4.3.3/avr5\libgcc.a(_eq_sf.o)
 .debug_pubnames
                0x0000008c       0x1e d:/salma/embedded system iti/tools/01- embedded systems avr tools-20230806t134253z-001/01- embedded systems avr tools/01- imt sdk/imt_sdk_win_64/imt_sdk_win_64/winavr/bin/../lib/gcc/avr/4.3.3/avr5\libgcc.a(_gt_sf.o)
 .debug_pubnames
                0x000000aa       0x1e d:/salma/embedded system iti/tools/01- embedded systems avr tools-20230806t134253z-001/01- embedded systems avr tools/01- imt sdk/imt_sdk_win_64/imt_sdk_win_64/winavr/bin/../lib/gcc/avr/4.3.3/avr5\libgcc.a(_ge_sf.o)
 .debug_pubnames
                0x000000c8       0x1e d:/salma/embedded system iti/tools/01- embedded systems avr tools-20230806t134253z-001/01- embedded systems avr tools/01- imt sdk/imt_sdk_win_64/imt_sdk_win_64/winavr/bin/../lib/gcc/avr/4.3.3/avr5\libgcc.a(_lt_sf.o)
 .debug_pubnames
                0x000000e6       0x20 d:/salma/embedded system iti/tools/01- embedded systems avr tools-20230806t134253z-001/01- embedded systems avr tools/01- imt sdk/imt_sdk_win_64/imt_sdk_win_64/winavr/bin/../lib/gcc/avr/4.3.3/avr5\libgcc.a(_sf_to_si.o)
 .debug_pubnames
                0x00000106       0x22 d:/salma/embedded system iti/tools/01- embedded systems avr tools-20230806t134253z-001/01- embedded systems avr tools/01- imt sdk/imt_sdk_win_64/imt_sdk_win_64/winavr/bin/../lib/gcc/avr/4.3.3/avr5\libgcc.a(_thenan_sf.o)
 .debug_pubnames
                0x00000128       0x24 d:/salma/embedded system iti/tools/01- embedded systems avr tools-20230806t134253z-001/01- embedded systems avr tools/01- imt sdk/imt_sdk_win_64/imt_sdk_win_64/winavr/bin/../lib/gcc/avr/4.3.3/avr5\libgcc.a(_usi_to_sf.o)
 .debug_pubnames
                0x0000014c       0x1f d:/salma/embedded system iti/tools/01- embedded systems avr tools-20230806t134253z-001/01- embedded systems avr tools/01- imt sdk/imt_sdk_win_64/imt_sdk_win_64/winavr/bin/../lib/gcc/avr/4.3.3/avr5\libgcc.a(_clzsi2.o)
 .debug_pubnames
                0x0000016b       0x1f d:/salma/embedded system iti/tools/01- embedded systems avr tools-20230806t134253z-001/01- embedded systems avr tools/01- imt sdk/imt_sdk_win_64/imt_sdk_win_64/winavr/bin/../lib/gcc/avr/4.3.3/avr5\libgcc.a(_pack_sf.o)
 .debug_pubnames
                0x0000018a       0x21 d:/salma/embedded system iti/tools/01- embedded systems avr tools-20230806t134253z-001/01- embedded systems avr tools/01- imt sdk/imt_sdk_win_64/imt_sdk_win_64/winavr/bin/../lib/gcc/avr/4.3.3/avr5\libgcc.a(_unpack_sf.o)
 .debug_pubnames
                0x000001ab       0x26 d:/salma/embedded system iti/tools/01- embedded systems avr tools-20230806t134253z-001/01- embedded systems avr tools/01- imt sdk/imt_sdk_win_64/imt_sdk_win_64/winavr/bin/../lib/gcc/avr/4.3.3/avr5\libgcc.a(_fpcmp_parts_sf.o)
 .debug_pubnames
                0x000001d1       0x20 d:/salma/embedded system iti/tools/01- embedded systems avr tools-20230806t134253z-001/01- embedded systems avr tools/01- imt sdk/imt_sdk_win_64/imt_sdk_win_64/winavr/bin/../lib/gcc/avr/4.3.3/avr5\libgcc.a(_clz.o)

.debug_info     0x00000000     0x228e
 *(.debug_info)
 .debug_info    0x00000000       0xb1 d:/salma/embedded system iti/tools/01- embedded systems avr tools-20230806t134253z-001/01- embedded systems avr tools/01- imt sdk/imt_sdk_win_64/imt_sdk_win_64/winavr/bin/../lib/gcc/avr/4.3.3/avr5\libgcc.a(_fixunssfsi.o)
 .debug_info    0x000000b1      0x47a d:/salma/embedded system iti/tools/01- embedded systems avr tools-20230806t134253z-001/01- embedded systems avr tools/01- imt sdk/imt_sdk_win_64/imt_sdk_win_64/winavr/bin/../lib/gcc/avr/4.3.3/avr5\libgcc.a(_addsub_sf.o)
 .debug_info    0x0000052b      0x485 d:/salma/embedded system iti/tools/01- embedded systems avr tools-20230806t134253z-001/01- embedded systems avr tools/01- imt sdk/imt_sdk_win_64/imt_sdk_win_64/winavr/bin/../lib/gcc/avr/4.3.3/avr5\libgcc.a(_mul_sf.o)
 .debug_info    0x000009b0      0x27f d:/salma/embedded system iti/tools/01- embedded systems avr tools-20230806t134253z-001/01- embedded systems avr tools/01- imt sdk/imt_sdk_win_64/imt_sdk_win_64/winavr/bin/../lib/gcc/avr/4.3.3/avr5\libgcc.a(_eq_sf.o)
 .debug_info    0x00000c2f      0x27f d:/salma/embedded system iti/tools/01- embedded systems avr tools-20230806t134253z-001/01- embedded systems avr tools/01- imt sdk/imt_sdk_win_64/imt_sdk_win_64/winavr/bin/../lib/gcc/avr/4.3.3/avr5\libgcc.a(_gt_sf.o)
 .debug_info    0x00000eae      0x27f d:/salma/embedded system iti/tools/01- embedded systems avr tools-20230806t134253z-001/01- embedded systems avr tools/01- imt sdk/imt_sdk_win_64/imt_sdk_win_64/winavr/bin/../lib/gcc/avr/4.3.3/avr5\libgcc.a(_ge_sf.o)
 .debug_info    0x0000112d      0x27f d:/salma/embedded system iti/tools/01- embedded systems avr tools-20230806t134253z-001/01- embedded systems avr tools/01- imt sdk/imt_sdk_win_64/imt_sdk_win_64/winavr/bin/../lib/gcc/avr/4.3.3/avr5\libgcc.a(_lt_sf.o)
 .debug_info    0x000013ac      0x2b0 d:/salma/embedded system iti/tools/01- embedded systems avr tools-20230806t134253z-001/01- embedded systems avr tools/01- imt sdk/imt_sdk_win_64/imt_sdk_win_64/winavr/bin/../lib/gcc/avr/4.3.3/avr5\libgcc.a(_sf_to_si.o)
 .debug_info    0x0000165c      0x12c d:/salma/embedded system iti/tools/01- embedded systems avr tools-20230806t134253z-001/01- embedded systems avr tools/01- imt sdk/imt_sdk_win_64/imt_sdk_win_64/winavr/bin/../lib/gcc/avr/4.3.3/avr5\libgcc.a(_thenan_sf.o)
 .debug_info    0x00001788      0x206 d:/salma/embedded system iti/tools/01- embedded systems avr tools-20230806t134253z-001/01- embedded systems avr tools/01- imt sdk/imt_sdk_win_64/imt_sdk_win_64/winavr/bin/../lib/gcc/avr/4.3.3/avr5\libgcc.a(_usi_to_sf.o)
 .debug_info    0x0000198e      0x117 d:/salma/embedded system iti/tools/01- embedded systems avr tools-20230806t134253z-001/01- embedded systems avr tools/01- imt sdk/imt_sdk_win_64/imt_sdk_win_64/winavr/bin/../lib/gcc/avr/4.3.3/avr5\libgcc.a(_clzsi2.o)
 .debug_info    0x00001aa5      0x2df d:/salma/embedded system iti/tools/01- embedded systems avr tools-20230806t134253z-001/01- embedded systems avr tools/01- imt sdk/imt_sdk_win_64/imt_sdk_win_64/winavr/bin/../lib/gcc/avr/4.3.3/avr5\libgcc.a(_pack_sf.o)
 .debug_info    0x00001d84      0x251 d:/salma/embedded system iti/tools/01- embedded systems avr tools-20230806t134253z-001/01- embedded systems avr tools/01- imt sdk/imt_sdk_win_64/imt_sdk_win_64/winavr/bin/../lib/gcc/avr/4.3.3/avr5\libgcc.a(_unpack_sf.o)
 .debug_info    0x00001fd5      0x210 d:/salma/embedded system iti/tools/01- embedded systems avr tools-20230806t134253z-001/01- embedded systems avr tools/01- imt sdk/imt_sdk_win_64/imt_sdk_win_64/winavr/bin/../lib/gcc/avr/4.3.3/avr5\libgcc.a(_fpcmp_parts_sf.o)
 .debug_info    0x000021e5       0xa9 d:/salma/embedded system iti/tools/01- embedded systems avr tools-20230806t134253z-001/01- embedded systems avr tools/01- imt sdk/imt_sdk_win_64/imt_sdk_win_64/winavr/bin/../lib/gcc/avr/4.3.3/avr5\libgcc.a(_clz.o)
 *(.gnu.linkonce.wi.*)

.debug_abbrev   0x00000000     0x12ca
 *(.debug_abbrev)
 .debug_abbrev  0x00000000       0x5d d:/salma/embedded system iti/tools/01- embedded systems avr tools-20230806t134253z-001/01- embedded systems avr tools/01- imt sdk/imt_sdk_win_64/imt_sdk_win_64/winavr/bin/../lib/gcc/avr/4.3.3/avr5\libgcc.a(_fixunssfsi.o)
 .debug_abbrev  0x0000005d      0x1ea d:/salma/embedded system iti/tools/01- embedded systems avr tools-20230806t134253z-001/01- embedded systems avr tools/01- imt sdk/imt_sdk_win_64/imt_sdk_win_64/winavr/bin/../lib/gcc/avr/4.3.3/avr5\libgcc.a(_addsub_sf.o)
 .debug_abbrev  0x00000247      0x21b d:/salma/embedded system iti/tools/01- embedded systems avr tools-20230806t134253z-001/01- embedded systems avr tools/01- imt sdk/imt_sdk_win_64/imt_sdk_win_64/winavr/bin/../lib/gcc/avr/4.3.3/avr5\libgcc.a(_mul_sf.o)
 .debug_abbrev  0x00000462      0x15a d:/salma/embedded system iti/tools/01- embedded systems avr tools-20230806t134253z-001/01- embedded systems avr tools/01- imt sdk/imt_sdk_win_64/imt_sdk_win_64/winavr/bin/../lib/gcc/avr/4.3.3/avr5\libgcc.a(_eq_sf.o)
 .debug_abbrev  0x000005bc      0x15a d:/salma/embedded system iti/tools/01- embedded systems avr tools-20230806t134253z-001/01- embedded systems avr tools/01- imt sdk/imt_sdk_win_64/imt_sdk_win_64/winavr/bin/../lib/gcc/avr/4.3.3/avr5\libgcc.a(_gt_sf.o)
 .debug_abbrev  0x00000716      0x15a d:/salma/embedded system iti/tools/01- embedded systems avr tools-20230806t134253z-001/01- embedded systems avr tools/01- imt sdk/imt_sdk_win_64/imt_sdk_win_64/winavr/bin/../lib/gcc/avr/4.3.3/avr5\libgcc.a(_ge_sf.o)
 .debug_abbrev  0x00000870      0x15a d:/salma/embedded system iti/tools/01- embedded systems avr tools-20230806t134253z-001/01- embedded systems avr tools/01- imt sdk/imt_sdk_win_64/imt_sdk_win_64/winavr/bin/../lib/gcc/avr/4.3.3/avr5\libgcc.a(_lt_sf.o)
 .debug_abbrev  0x000009ca      0x17f d:/salma/embedded system iti/tools/01- embedded systems avr tools-20230806t134253z-001/01- embedded systems avr tools/01- imt sdk/imt_sdk_win_64/imt_sdk_win_64/winavr/bin/../lib/gcc/avr/4.3.3/avr5\libgcc.a(_sf_to_si.o)
 .debug_abbrev  0x00000b49       0xad d:/salma/embedded system iti/tools/01- embedded systems avr tools-20230806t134253z-001/01- embedded systems avr tools/01- imt sdk/imt_sdk_win_64/imt_sdk_win_64/winavr/bin/../lib/gcc/avr/4.3.3/avr5\libgcc.a(_thenan_sf.o)
 .debug_abbrev  0x00000bf6      0x157 d:/salma/embedded system iti/tools/01- embedded systems avr tools-20230806t134253z-001/01- embedded systems avr tools/01- imt sdk/imt_sdk_win_64/imt_sdk_win_64/winavr/bin/../lib/gcc/avr/4.3.3/avr5\libgcc.a(_usi_to_sf.o)
 .debug_abbrev  0x00000d4d       0xc4 d:/salma/embedded system iti/tools/01- embedded systems avr tools-20230806t134253z-001/01- embedded systems avr tools/01- imt sdk/imt_sdk_win_64/imt_sdk_win_64/winavr/bin/../lib/gcc/avr/4.3.3/avr5\libgcc.a(_clzsi2.o)
 .debug_abbrev  0x00000e11      0x1c0 d:/salma/embedded system iti/tools/01- embedded systems avr tools-20230806t134253z-001/01- embedded systems avr tools/01- imt sdk/imt_sdk_win_64/imt_sdk_win_64/winavr/bin/../lib/gcc/avr/4.3.3/avr5\libgcc.a(_pack_sf.o)
 .debug_abbrev  0x00000fd1      0x154 d:/salma/embedded system iti/tools/01- embedded systems avr tools-20230806t134253z-001/01- embedded systems avr tools/01- imt sdk/imt_sdk_win_64/imt_sdk_win_64/winavr/bin/../lib/gcc/avr/4.3.3/avr5\libgcc.a(_unpack_sf.o)
 .debug_abbrev  0x00001125      0x13b d:/salma/embedded system iti/tools/01- embedded systems avr tools-20230806t134253z-001/01- embedded systems avr tools/01- imt sdk/imt_sdk_win_64/imt_sdk_win_64/winavr/bin/../lib/gcc/avr/4.3.3/avr5\libgcc.a(_fpcmp_parts_sf.o)
 .debug_abbrev  0x00001260       0x6a d:/salma/embedded system iti/tools/01- embedded systems avr tools-20230806t134253z-001/01- embedded systems avr tools/01- imt sdk/imt_sdk_win_64/imt_sdk_win_64/winavr/bin/../lib/gcc/avr/4.3.3/avr5\libgcc.a(_clz.o)

.debug_line     0x00000000     0x10d4
 *(.debug_line)
 .debug_line    0x00000000       0xa7 d:/salma/embedded system iti/tools/01- embedded systems avr tools-20230806t134253z-001/01- embedded systems avr tools/01- imt sdk/imt_sdk_win_64/imt_sdk_win_64/winavr/bin/../lib/gcc/avr/4.3.3/avr5\libgcc.a(_fixunssfsi.o)
 .debug_line    0x000000a7      0x2af d:/salma/embedded system iti/tools/01- embedded systems avr tools-20230806t134253z-001/01- embedded systems avr tools/01- imt sdk/imt_sdk_win_64/imt_sdk_win_64/winavr/bin/../lib/gcc/avr/4.3.3/avr5\libgcc.a(_addsub_sf.o)
 .debug_line    0x00000356      0x239 d:/salma/embedded system iti/tools/01- embedded systems avr tools-20230806t134253z-001/01- embedded systems avr tools/01- imt sdk/imt_sdk_win_64/imt_sdk_win_64/winavr/bin/../lib/gcc/avr/4.3.3/avr5\libgcc.a(_mul_sf.o)
 .debug_line    0x0000058f       0xd3 d:/salma/embedded system iti/tools/01- embedded systems avr tools-20230806t134253z-001/01- embedded systems avr tools/01- imt sdk/imt_sdk_win_64/imt_sdk_win_64/winavr/bin/../lib/gcc/avr/4.3.3/avr5\libgcc.a(_eq_sf.o)
 .debug_line    0x00000662       0xd3 d:/salma/embedded system iti/tools/01- embedded systems avr tools-20230806t134253z-001/01- embedded systems avr tools/01- imt sdk/imt_sdk_win_64/imt_sdk_win_64/winavr/bin/../lib/gcc/avr/4.3.3/avr5\libgcc.a(_gt_sf.o)
 .debug_line    0x00000735       0xd3 d:/salma/embedded system iti/tools/01- embedded systems avr tools-20230806t134253z-001/01- embedded systems avr tools/01- imt sdk/imt_sdk_win_64/imt_sdk_win_64/winavr/bin/../lib/gcc/avr/4.3.3/avr5\libgcc.a(_ge_sf.o)
 .debug_line    0x00000808       0xd3 d:/salma/embedded system iti/tools/01- embedded systems avr tools-20230806t134253z-001/01- embedded systems avr tools/01- imt sdk/imt_sdk_win_64/imt_sdk_win_64/winavr/bin/../lib/gcc/avr/4.3.3/avr5\libgcc.a(_lt_sf.o)
 .debug_line    0x000008db      0x109 d:/salma/embedded system iti/tools/01- embedded systems avr tools-20230806t134253z-001/01- embedded systems avr tools/01- imt sdk/imt_sdk_win_64/imt_sdk_win_64/winavr/bin/../lib/gcc/avr/4.3.3/avr5\libgcc.a(_sf_to_si.o)
 .debug_line    0x000009e4       0x90 d:/salma/embedded system iti/tools/01- embedded systems avr tools-20230806t134253z-001/01- embedded systems avr tools/01- imt sdk/imt_sdk_win_64/imt_sdk_win_64/winavr/bin/../lib/gcc/avr/4.3.3/avr5\libgcc.a(_thenan_sf.o)
 .debug_line    0x00000a74      0x133 d:/salma/embedded system iti/tools/01- embedded systems avr tools-20230806t134253z-001/01- embedded systems avr tools/01- imt sdk/imt_sdk_win_64/imt_sdk_win_64/winavr/bin/../lib/gcc/avr/4.3.3/avr5\libgcc.a(_usi_to_sf.o)
 .debug_line    0x00000ba7       0xa5 d:/salma/embedded system iti/tools/01- embedded systems avr tools-20230806t134253z-001/01- embedded systems avr tools/01- imt sdk/imt_sdk_win_64/imt_sdk_win_64/winavr/bin/../lib/gcc/avr/4.3.3/avr5\libgcc.a(_clzsi2.o)
 .debug_line    0x00000c4c      0x18a d:/salma/embedded system iti/tools/01- embedded systems avr tools-20230806t134253z-001/01- embedded systems avr tools/01- imt sdk/imt_sdk_win_64/imt_sdk_win_64/winavr/bin/../lib/gcc/avr/4.3.3/avr5\libgcc.a(_pack_sf.o)
 .debug_line    0x00000dd6      0x14b d:/salma/embedded system iti/tools/01- embedded systems avr tools-20230806t134253z-001/01- embedded systems avr tools/01- imt sdk/imt_sdk_win_64/imt_sdk_win_64/winavr/bin/../lib/gcc/avr/4.3.3/avr5\libgcc.a(_unpack_sf.o)
 .debug_line    0x00000f21      0x137 d:/salma/embedded system iti/tools/01- embedded systems avr tools-20230806t134253z-001/01- embedded systems avr tools/01- imt sdk/imt_sdk_win_64/imt_sdk_win_64/winavr/bin/../lib/gcc/avr/4.3.3/avr5\libgcc.a(_fpcmp_parts_sf.o)
 .debug_line    0x00001058       0x7c d:/salma/embedded system iti/tools/01- embedded systems avr tools-20230806t134253z-001/01- embedded systems avr tools/01- imt sdk/imt_sdk_win_64/imt_sdk_win_64/winavr/bin/../lib/gcc/avr/4.3.3/avr5\libgcc.a(_clz.o)

.debug_frame    0x00000000      0x1c0
 *(.debug_frame)
 .debug_frame   0x00000000       0x20 d:/salma/embedded system iti/tools/01- embedded systems avr tools-20230806t134253z-001/01- embedded systems avr tools/01- imt sdk/imt_sdk_win_64/imt_sdk_win_64/winavr/bin/../lib/gcc/avr/4.3.3/avr5\libgcc.a(_fixunssfsi.o)
 .debug_frame   0x00000020       0x40 d:/salma/embedded system iti/tools/01- embedded systems avr tools-20230806t134253z-001/01- embedded systems avr tools/01- imt sdk/imt_sdk_win_64/imt_sdk_win_64/winavr/bin/../lib/gcc/avr/4.3.3/avr5\libgcc.a(_addsub_sf.o)
 .debug_frame   0x00000060       0x20 d:/salma/embedded system iti/tools/01- embedded systems avr tools-20230806t134253z-001/01- embedded systems avr tools/01- imt sdk/imt_sdk_win_64/imt_sdk_win_64/winavr/bin/../lib/gcc/avr/4.3.3/avr5\libgcc.a(_mul_sf.o)
 .debug_frame   0x00000080       0x20 d:/salma/embedded system iti/tools/01- embedded systems avr tools-20230806t134253z-001/01- embedded systems avr tools/01- imt sdk/imt_sdk_win_64/imt_sdk_win_64/winavr/bin/../lib/gcc/avr/4.3.3/avr5\libgcc.a(_eq_sf.o)
 .debug_frame   0x000000a0       0x20 d:/salma/embedded system iti/tools/01- embedded systems avr tools-20230806t134253z-001/01- embedded systems avr tools/01- imt sdk/imt_sdk_win_64/imt_sdk_win_64/winavr/bin/../lib/gcc/avr/4.3.3/avr5\libgcc.a(_gt_sf.o)
 .debug_frame   0x000000c0       0x20 d:/salma/embedded system iti/tools/01- embedded systems avr tools-20230806t134253z-001/01- embedded systems avr tools/01- imt sdk/imt_sdk_win_64/imt_sdk_win_64/winavr/bin/../lib/gcc/avr/4.3.3/avr5\libgcc.a(_ge_sf.o)
 .debug_frame   0x000000e0       0x20 d:/salma/embedded system iti/tools/01- embedded systems avr tools-20230806t134253z-001/01- embedded systems avr tools/01- imt sdk/imt_sdk_win_64/imt_sdk_win_64/winavr/bin/../lib/gcc/avr/4.3.3/avr5\libgcc.a(_lt_sf.o)
 .debug_frame   0x00000100       0x20 d:/salma/embedded system iti/tools/01- embedded systems avr tools-20230806t134253z-001/01- embedded systems avr tools/01- imt sdk/imt_sdk_win_64/imt_sdk_win_64/winavr/bin/../lib/gcc/avr/4.3.3/avr5\libgcc.a(_sf_to_si.o)
 .debug_frame   0x00000120       0x20 d:/salma/embedded system iti/tools/01- embedded systems avr tools-20230806t134253z-001/01- embedded systems avr tools/01- imt sdk/imt_sdk_win_64/imt_sdk_win_64/winavr/bin/../lib/gcc/avr/4.3.3/avr5\libgcc.a(_usi_to_sf.o)
 .debug_frame   0x00000140       0x20 d:/salma/embedded system iti/tools/01- embedded systems avr tools-20230806t134253z-001/01- embedded systems avr tools/01- imt sdk/imt_sdk_win_64/imt_sdk_win_64/winavr/bin/../lib/gcc/avr/4.3.3/avr5\libgcc.a(_clzsi2.o)
 .debug_frame   0x00000160       0x20 d:/salma/embedded system iti/tools/01- embedded systems avr tools-20230806t134253z-001/01- embedded systems avr tools/01- imt sdk/imt_sdk_win_64/imt_sdk_win_64/winavr/bin/../lib/gcc/avr/4.3.3/avr5\libgcc.a(_pack_sf.o)
 .debug_frame   0x00000180       0x20 d:/salma/embedded system iti/tools/01- embedded systems avr tools-20230806t134253z-001/01- embedded systems avr tools/01- imt sdk/imt_sdk_win_64/imt_sdk_win_64/winavr/bin/../lib/gcc/avr/4.3.3/avr5\libgcc.a(_unpack_sf.o)
 .debug_frame   0x000001a0       0x20 d:/salma/embedded system iti/tools/01- embedded systems avr tools-20230806t134253z-001/01- embedded systems avr tools/01- imt sdk/imt_sdk_win_64/imt_sdk_win_64/winavr/bin/../lib/gcc/avr/4.3.3/avr5\libgcc.a(_fpcmp_parts_sf.o)

.debug_str      0x00000000      0x2c9
 *(.debug_str)
 .debug_str     0x00000000       0xbf d:/salma/embedded system iti/tools/01- embedded systems avr tools-20230806t134253z-001/01- embedded systems avr tools/01- imt sdk/imt_sdk_win_64/imt_sdk_win_64/winavr/bin/../lib/gcc/avr/4.3.3/avr5\libgcc.a(_fixunssfsi.o)
                                 0xfe (size before relaxing)
 .debug_str     0x000000bf      0x14d d:/salma/embedded system iti/tools/01- embedded systems avr tools-20230806t134253z-001/01- embedded systems avr tools/01- imt sdk/imt_sdk_win_64/imt_sdk_win_64/winavr/bin/../lib/gcc/avr/4.3.3/avr5\libgcc.a(_addsub_sf.o)
                                0x206 (size before relaxing)
 .debug_str     0x0000020c       0x27 d:/salma/embedded system iti/tools/01- embedded systems avr tools-20230806t134253z-001/01- embedded systems avr tools/01- imt sdk/imt_sdk_win_64/imt_sdk_win_64/winavr/bin/../lib/gcc/avr/4.3.3/avr5\libgcc.a(_mul_sf.o)
                                0x1bf (size before relaxing)
 .debug_str     0x00000233        0x8 d:/salma/embedded system iti/tools/01- embedded systems avr tools-20230806t134253z-001/01- embedded systems avr tools/01- imt sdk/imt_sdk_win_64/imt_sdk_win_64/winavr/bin/../lib/gcc/avr/4.3.3/avr5\libgcc.a(_eq_sf.o)
                                0x195 (size before relaxing)
 .debug_str     0x0000023b        0x8 d:/salma/embedded system iti/tools/01- embedded systems avr tools-20230806t134253z-001/01- embedded systems avr tools/01- imt sdk/imt_sdk_win_64/imt_sdk_win_64/winavr/bin/../lib/gcc/avr/4.3.3/avr5\libgcc.a(_gt_sf.o)
                                0x195 (size before relaxing)
 .debug_str     0x00000243        0x8 d:/salma/embedded system iti/tools/01- embedded systems avr tools-20230806t134253z-001/01- embedded systems avr tools/01- imt sdk/imt_sdk_win_64/imt_sdk_win_64/winavr/bin/../lib/gcc/avr/4.3.3/avr5\libgcc.a(_ge_sf.o)
                                0x195 (size before relaxing)
 .debug_str     0x0000024b        0x8 d:/salma/embedded system iti/tools/01- embedded systems avr tools-20230806t134253z-001/01- embedded systems avr tools/01- imt sdk/imt_sdk_win_64/imt_sdk_win_64/winavr/bin/../lib/gcc/avr/4.3.3/avr5\libgcc.a(_lt_sf.o)
                                0x195 (size before relaxing)
 .debug_str     0x00000253        0xa d:/salma/embedded system iti/tools/01- embedded systems avr tools-20230806t134253z-001/01- embedded systems avr tools/01- imt sdk/imt_sdk_win_64/imt_sdk_win_64/winavr/bin/../lib/gcc/avr/4.3.3/avr5\libgcc.a(_sf_to_si.o)
                                0x19e (size before relaxing)
 .debug_str     0x00000000      0x103 d:/salma/embedded system iti/tools/01- embedded systems avr tools-20230806t134253z-001/01- embedded systems avr tools/01- imt sdk/imt_sdk_win_64/imt_sdk_win_64/winavr/bin/../lib/gcc/avr/4.3.3/avr5\libgcc.a(_thenan_sf.o)
 .debug_str     0x0000025d       0x21 d:/salma/embedded system iti/tools/01- embedded systems avr tools-20230806t134253z-001/01- embedded systems avr tools/01- imt sdk/imt_sdk_win_64/imt_sdk_win_64/winavr/bin/../lib/gcc/avr/4.3.3/avr5\libgcc.a(_usi_to_sf.o)
                                0x177 (size before relaxing)
 .debug_str     0x0000027e       0x20 d:/salma/embedded system iti/tools/01- embedded systems avr tools-20230806t134253z-001/01- embedded systems avr tools/01- imt sdk/imt_sdk_win_64/imt_sdk_win_64/winavr/bin/../lib/gcc/avr/4.3.3/avr5\libgcc.a(_clzsi2.o)
                                0x111 (size before relaxing)
 .debug_str     0x0000029e       0x10 d:/salma/embedded system iti/tools/01- embedded systems avr tools-20230806t134253z-001/01- embedded systems avr tools/01- imt sdk/imt_sdk_win_64/imt_sdk_win_64/winavr/bin/../lib/gcc/avr/4.3.3/avr5\libgcc.a(_pack_sf.o)
                                0x19d (size before relaxing)
 .debug_str     0x000002ae        0xb d:/salma/embedded system iti/tools/01- embedded systems avr tools-20230806t134253z-001/01- embedded systems avr tools/01- imt sdk/imt_sdk_win_64/imt_sdk_win_64/winavr/bin/../lib/gcc/avr/4.3.3/avr5\libgcc.a(_unpack_sf.o)
                                0x17f (size before relaxing)
 .debug_str     0x000002b9       0x10 d:/salma/embedded system iti/tools/01- embedded systems avr tools-20230806t134253z-001/01- embedded systems avr tools/01- imt sdk/imt_sdk_win_64/imt_sdk_win_64/winavr/bin/../lib/gcc/avr/4.3.3/avr5\libgcc.a(_fpcmp_parts_sf.o)
                                0x163 (size before relaxing)
 .debug_str     0x00000000       0xf4 d:/salma/embedded system iti/tools/01- embedded systems avr tools-20230806t134253z-001/01- embedded systems avr tools/01- imt sdk/imt_sdk_win_64/imt_sdk_win_64/winavr/bin/../lib/gcc/avr/4.3.3/avr5\libgcc.a(_clz.o)

.debug_loc      0x00000000      0x8ea
 *(.debug_loc)
 .debug_loc     0x00000000       0x34 d:/salma/embedded system iti/tools/01- embedded systems avr tools-20230806t134253z-001/01- embedded systems avr tools/01- imt sdk/imt_sdk_win_64/imt_sdk_win_64/winavr/bin/../lib/gcc/avr/4.3.3/avr5\libgcc.a(_fixunssfsi.o)
 .debug_loc     0x00000034      0x32a d:/salma/embedded system iti/tools/01- embedded systems avr tools-20230806t134253z-001/01- embedded systems avr tools/01- imt sdk/imt_sdk_win_64/imt_sdk_win_64/winavr/bin/../lib/gcc/avr/4.3.3/avr5\libgcc.a(_addsub_sf.o)
 .debug_loc     0x0000035e      0x104 d:/salma/embedded system iti/tools/01- embedded systems avr tools-20230806t134253z-001/01- embedded systems avr tools/01- imt sdk/imt_sdk_win_64/imt_sdk_win_64/winavr/bin/../lib/gcc/avr/4.3.3/avr5\libgcc.a(_mul_sf.o)
 .debug_loc     0x00000462       0x3c d:/salma/embedded system iti/tools/01- embedded systems avr tools-20230806t134253z-001/01- embedded systems avr tools/01- imt sdk/imt_sdk_win_64/imt_sdk_win_64/winavr/bin/../lib/gcc/avr/4.3.3/avr5\libgcc.a(_eq_sf.o)
 .debug_loc     0x0000049e       0x3c d:/salma/embedded system iti/tools/01- embedded systems avr tools-20230806t134253z-001/01- embedded systems avr tools/01- imt sdk/imt_sdk_win_64/imt_sdk_win_64/winavr/bin/../lib/gcc/avr/4.3.3/avr5\libgcc.a(_gt_sf.o)
 .debug_loc     0x000004da       0x3c d:/salma/embedded system iti/tools/01- embedded systems avr tools-20230806t134253z-001/01- embedded systems avr tools/01- imt sdk/imt_sdk_win_64/imt_sdk_win_64/winavr/bin/../lib/gcc/avr/4.3.3/avr5\libgcc.a(_ge_sf.o)
 .debug_loc     0x00000516       0x3c d:/salma/embedded system iti/tools/01- embedded systems avr tools-20230806t134253z-001/01- embedded systems avr tools/01- imt sdk/imt_sdk_win_64/imt_sdk_win_64/winavr/bin/../lib/gcc/avr/4.3.3/avr5\libgcc.a(_lt_sf.o)
 .debug_loc     0x00000552       0x7e d:/salma/embedded system iti/tools/01- embedded systems avr tools-20230806t134253z-001/01- embedded systems avr tools/01- imt sdk/imt_sdk_win_64/imt_sdk_win_64/winavr/bin/../lib/gcc/avr/4.3.3/avr5\libgcc.a(_sf_to_si.o)
 .debug_loc     0x000005d0       0x4c d:/salma/embedded system iti/tools/01- embedded systems avr tools-20230806t134253z-001/01- embedded systems avr tools/01- imt sdk/imt_sdk_win_64/imt_sdk_win_64/winavr/bin/../lib/gcc/avr/4.3.3/avr5\libgcc.a(_usi_to_sf.o)
 .debug_loc     0x0000061c       0x94 d:/salma/embedded system iti/tools/01- embedded systems avr tools-20230806t134253z-001/01- embedded systems avr tools/01- imt sdk/imt_sdk_win_64/imt_sdk_win_64/winavr/bin/../lib/gcc/avr/4.3.3/avr5\libgcc.a(_clzsi2.o)
 .debug_loc     0x000006b0      0x13e d:/salma/embedded system iti/tools/01- embedded systems avr tools-20230806t134253z-001/01- embedded systems avr tools/01- imt sdk/imt_sdk_win_64/imt_sdk_win_64/winavr/bin/../lib/gcc/avr/4.3.3/avr5\libgcc.a(_pack_sf.o)
 .debug_loc     0x000007ee       0xac d:/salma/embedded system iti/tools/01- embedded systems avr tools-20230806t134253z-001/01- embedded systems avr tools/01- imt sdk/imt_sdk_win_64/imt_sdk_win_64/winavr/bin/../lib/gcc/avr/4.3.3/avr5\libgcc.a(_unpack_sf.o)
 .debug_loc     0x0000089a       0x50 d:/salma/embedded system iti/tools/01- embedded systems avr tools-20230806t134253z-001/01- embedded systems avr tools/01- imt sdk/imt_sdk_win_64/imt_sdk_win_64/winavr/bin/../lib/gcc/avr/4.3.3/avr5\libgcc.a(_fpcmp_parts_sf.o)

.debug_macinfo
 *(.debug_macinfo)
OUTPUT(Slave.elf elf32-avr)
LOAD linker stubs

.debug_ranges   0x00000000       0x50
 .debug_ranges  0x00000000       0x50 d:/salma/embedded system iti/tools/01- embedded systems avr tools-20230806t134253z-001/01- embedded systems avr tools/01- imt sdk/imt_sdk_win_64/imt_sdk_win_64/winavr/bin/../lib/gcc/avr/4.3.3/avr5\libgcc.a(_mul_sf.o)
