Archive member included because of file (symbol)

d:/salma/embedded system iti/tools/01- embedded systems avr tools-20230806t134253z-001/01- embedded systems avr tools/01- imt sdk/imt_sdk_win_64/imt_sdk_win_64/winavr/bin/../lib/gcc/avr/4.3.3/avr5\libgcc.a(_mulsi3.o)
                              ./HAL/CLCD/CLCD_program.o (__mulsi3)
d:/salma/embedded system iti/tools/01- embedded systems avr tools-20230806t134253z-001/01- embedded systems avr tools/01- imt sdk/imt_sdk_win_64/imt_sdk_win_64/winavr/bin/../lib/gcc/avr/4.3.3/avr5\libgcc.a(_udivmodsi4.o)
                              ./HAL/CLCD/CLCD_program.o (__udivmodsi4)
d:/salma/embedded system iti/tools/01- embedded systems avr tools-20230806t134253z-001/01- embedded systems avr tools/01- imt sdk/imt_sdk_win_64/imt_sdk_win_64/winavr/bin/../lib/gcc/avr/4.3.3/avr5\libgcc.a(_divmodsi4.o)
                              ./HAL/CLCD/CLCD_program.o (__divmodsi4)
d:/salma/embedded system iti/tools/01- embedded systems avr tools-20230806t134253z-001/01- embedded systems avr tools/01- imt sdk/imt_sdk_win_64/imt_sdk_win_64/winavr/bin/../lib/gcc/avr/4.3.3/avr5\libgcc.a(_exit.o)
                              d:/salma/embedded system iti/tools/01- embedded systems avr tools-20230806t134253z-001/01- embedded systems avr tools/01- imt sdk/imt_sdk_win_64/imt_sdk_win_64/winavr/bin/../lib/gcc/avr/4.3.3/../../../../avr/lib/avr5/crtm32.o (exit)
d:/salma/embedded system iti/tools/01- embedded systems avr tools-20230806t134253z-001/01- embedded systems avr tools/01- imt sdk/imt_sdk_win_64/imt_sdk_win_64/winavr/bin/../lib/gcc/avr/4.3.3/avr5\libgcc.a(_copy_data.o)
                              ./HAL/KPD/KPD_program.o (__do_copy_data)
d:/salma/embedded system iti/tools/01- embedded systems avr tools-20230806t134253z-001/01- embedded systems avr tools/01- imt sdk/imt_sdk_win_64/imt_sdk_win_64/winavr/bin/../lib/gcc/avr/4.3.3/avr5\libgcc.a(_clear_bss.o)
                              ./APP/main.o (__do_clear_bss)
d:/salma/embedded system iti/tools/01- embedded systems avr tools-20230806t134253z-001/01- embedded systems avr tools/01- imt sdk/imt_sdk_win_64/imt_sdk_win_64/winavr/bin/../lib/gcc/avr/4.3.3/avr5\libgcc.a(_mul_sf.o)
                              ./HAL/CLCD/CLCD_program.o (__mulsf3)
d:/salma/embedded system iti/tools/01- embedded systems avr tools-20230806t134253z-001/01- embedded systems avr tools/01- imt sdk/imt_sdk_win_64/imt_sdk_win_64/winavr/bin/../lib/gcc/avr/4.3.3/avr5\libgcc.a(_eq_sf.o)
                              ./HAL/CLCD/CLCD_program.o (__eqsf2)
d:/salma/embedded system iti/tools/01- embedded systems avr tools-20230806t134253z-001/01- embedded systems avr tools/01- imt sdk/imt_sdk_win_64/imt_sdk_win_64/winavr/bin/../lib/gcc/avr/4.3.3/avr5\libgcc.a(_lt_sf.o)
                              ./HAL/CLCD/CLCD_program.o (__ltsf2)
d:/salma/embedded system iti/tools/01- embedded systems avr tools-20230806t134253z-001/01- embedded systems avr tools/01- imt sdk/imt_sdk_win_64/imt_sdk_win_64/winavr/bin/../lib/gcc/avr/4.3.3/avr5\libgcc.a(_sf_to_si.o)
                              ./HAL/CLCD/CLCD_program.o (__fixsfsi)
d:/salma/embedded system iti/tools/01- embedded systems avr tools-20230806t134253z-001/01- embedded systems avr tools/01- imt sdk/imt_sdk_win_64/imt_sdk_win_64/winavr/bin/../lib/gcc/avr/4.3.3/avr5\libgcc.a(_thenan_sf.o)
                              d:/salma/embedded system iti/tools/01- embedded systems avr tools-20230806t134253z-001/01- embedded systems avr tools/01- imt sdk/imt_sdk_win_64/imt_sdk_win_64/winavr/bin/../lib/gcc/avr/4.3.3/avr5\libgcc.a(_mul_sf.o) (__thenan_sf)
d:/salma/embedded system iti/tools/01- embedded systems avr tools-20230806t134253z-001/01- embedded systems avr tools/01- imt sdk/imt_sdk_win_64/imt_sdk_win_64/winavr/bin/../lib/gcc/avr/4.3.3/avr5\libgcc.a(_prologue.o)
                              d:/salma/embedded system iti/tools/01- embedded systems avr tools-20230806t134253z-001/01- embedded systems avr tools/01- imt sdk/imt_sdk_win_64/imt_sdk_win_64/winavr/bin/../lib/gcc/avr/4.3.3/avr5\libgcc.a(_mul_sf.o) (__prologue_saves__)
d:/salma/embedded system iti/tools/01- embedded systems avr tools-20230806t134253z-001/01- embedded systems avr tools/01- imt sdk/imt_sdk_win_64/imt_sdk_win_64/winavr/bin/../lib/gcc/avr/4.3.3/avr5\libgcc.a(_epilogue.o)
                              d:/salma/embedded system iti/tools/01- embedded systems avr tools-20230806t134253z-001/01- embedded systems avr tools/01- imt sdk/imt_sdk_win_64/imt_sdk_win_64/winavr/bin/../lib/gcc/avr/4.3.3/avr5\libgcc.a(_mul_sf.o) (__epilogue_restores__)
d:/salma/embedded system iti/tools/01- embedded systems avr tools-20230806t134253z-001/01- embedded systems avr tools/01- imt sdk/imt_sdk_win_64/imt_sdk_win_64/winavr/bin/../lib/gcc/avr/4.3.3/avr5\libgcc.a(_pack_sf.o)
                              d:/salma/embedded system iti/tools/01- embedded systems avr tools-20230806t134253z-001/01- embedded systems avr tools/01- imt sdk/imt_sdk_win_64/imt_sdk_win_64/winavr/bin/../lib/gcc/avr/4.3.3/avr5\libgcc.a(_mul_sf.o) (__pack_f)
d:/salma/embedded system iti/tools/01- embedded systems avr tools-20230806t134253z-001/01- embedded systems avr tools/01- imt sdk/imt_sdk_win_64/imt_sdk_win_64/winavr/bin/../lib/gcc/avr/4.3.3/avr5\libgcc.a(_unpack_sf.o)
                              d:/salma/embedded system iti/tools/01- embedded systems avr tools-20230806t134253z-001/01- embedded systems avr tools/01- imt sdk/imt_sdk_win_64/imt_sdk_win_64/winavr/bin/../lib/gcc/avr/4.3.3/avr5\libgcc.a(_mul_sf.o) (__unpack_f)
d:/salma/embedded system iti/tools/01- embedded systems avr tools-20230806t134253z-001/01- embedded systems avr tools/01- imt sdk/imt_sdk_win_64/imt_sdk_win_64/winavr/bin/../lib/gcc/avr/4.3.3/avr5\libgcc.a(_fpcmp_parts_sf.o)
                              d:/salma/embedded system iti/tools/01- embedded systems avr tools-20230806t134253z-001/01- embedded systems avr tools/01- imt sdk/imt_sdk_win_64/imt_sdk_win_64/winavr/bin/../lib/gcc/avr/4.3.3/avr5\libgcc.a(_eq_sf.o) (__fpcmp_parts_f)

Allocating common symbols
Common symbol       size              file

gol_u8FlagMode      0x1               ./APP/main.o
gol_u8FlagMode_A    0x1               ./APP/main.o
gol_u8Mode_A        0x1               ./APP/main.o
gol_u8PosistionCount
                    0x1               ./APP/main.o
gol_u8Mode          0x1               ./APP/main.o

Memory Configuration

Name             Origin             Length             Attributes
text             0x00000000         0x00020000         xr
data             0x00800060         0x0000ffa0         rw !x
eeprom           0x00810000         0x00010000         rw !x
fuse             0x00820000         0x00000400         rw !x
lock             0x00830000         0x00000400         rw !x
signature        0x00840000         0x00000400         rw !x
*default*        0x00000000         0xffffffff

Linker script and memory map

LOAD d:/salma/embedded system iti/tools/01- embedded systems avr tools-20230806t134253z-001/01- embedded systems avr tools/01- imt sdk/imt_sdk_win_64/imt_sdk_win_64/winavr/bin/../lib/gcc/avr/4.3.3/../../../../avr/lib/avr5/crtm32.o
LOAD ./MCAL/UART/UART_program.o
LOAD ./MCAL/TWI/TWI_program.o
LOAD ./MCAL/DIO/DIO_program.o
LOAD ./HAL/LED/LED_program.o
LOAD ./HAL/KPD/KPD_program.o
LOAD ./HAL/EEPROM/EEPROM_program.o
LOAD ./HAL/CLCD/CLCD_program.o
LOAD ./APP/main.o
LOAD d:/salma/embedded system iti/tools/01- embedded systems avr tools-20230806t134253z-001/01- embedded systems avr tools/01- imt sdk/imt_sdk_win_64/imt_sdk_win_64/winavr/bin/../lib/gcc/avr/4.3.3/avr5\libgcc.a
LOAD d:/salma/embedded system iti/tools/01- embedded systems avr tools-20230806t134253z-001/01- embedded systems avr tools/01- imt sdk/imt_sdk_win_64/imt_sdk_win_64/winavr/bin/../lib/gcc/avr/4.3.3/../../../../avr/lib/avr5\libc.a
LOAD d:/salma/embedded system iti/tools/01- embedded systems avr tools-20230806t134253z-001/01- embedded systems avr tools/01- imt sdk/imt_sdk_win_64/imt_sdk_win_64/winavr/bin/../lib/gcc/avr/4.3.3/avr5\libgcc.a

.hash
 *(.hash)

.dynsym
 *(.dynsym)

.dynstr
 *(.dynstr)

.gnu.version
 *(.gnu.version)

.gnu.version_d
 *(.gnu.version_d)

.gnu.version_r
 *(.gnu.version_r)

.rel.init
 *(.rel.init)

.rela.init
 *(.rela.init)

.rel.text
 *(.rel.text)
 *(.rel.text.*)
 *(.rel.gnu.linkonce.t*)

.rela.text
 *(.rela.text)
 *(.rela.text.*)
 *(.rela.gnu.linkonce.t*)

.rel.fini
 *(.rel.fini)

.rela.fini
 *(.rela.fini)

.rel.rodata
 *(.rel.rodata)
 *(.rel.rodata.*)
 *(.rel.gnu.linkonce.r*)

.rela.rodata
 *(.rela.rodata)
 *(.rela.rodata.*)
 *(.rela.gnu.linkonce.r*)

.rel.data
 *(.rel.data)
 *(.rel.data.*)
 *(.rel.gnu.linkonce.d*)

.rela.data
 *(.rela.data)
 *(.rela.data.*)
 *(.rela.gnu.linkonce.d*)

.rel.ctors
 *(.rel.ctors)

.rela.ctors
 *(.rela.ctors)

.rel.dtors
 *(.rel.dtors)

.rela.dtors
 *(.rela.dtors)

.rel.got
 *(.rel.got)

.rela.got
 *(.rela.got)

.rel.bss
 *(.rel.bss)

.rela.bss
 *(.rela.bss)

.rel.plt
 *(.rel.plt)

.rela.plt
 *(.rela.plt)

.text           0x00000000     0x31f4
 *(.vectors)
 .vectors       0x00000000       0x54 d:/salma/embedded system iti/tools/01- embedded systems avr tools-20230806t134253z-001/01- embedded systems avr tools/01- imt sdk/imt_sdk_win_64/imt_sdk_win_64/winavr/bin/../lib/gcc/avr/4.3.3/../../../../avr/lib/avr5/crtm32.o
                0x00000000                __vectors
                0x00000000                __vector_default
 *(.vectors)
 *(.progmem.gcc*)
 *(.progmem*)
                0x00000054                . = ALIGN (0x2)
                0x00000054                __trampolines_start = .
 *(.trampolines)
 .trampolines   0x00000054        0x0 linker stubs
 *(.trampolines*)
                0x00000054                __trampolines_end = .
 *(.jumptables)
 *(.jumptables*)
 *(.lowtext)
 *(.lowtext*)
                0x00000054                __ctors_start = .
 *(.ctors)
                0x00000054                __ctors_end = .
                0x00000054                __dtors_start = .
 *(.dtors)
                0x00000054                __dtors_end = .
 SORT(*)(.ctors)
 SORT(*)(.dtors)
 *(.init0)
 .init0         0x00000054        0x0 d:/salma/embedded system iti/tools/01- embedded systems avr tools-20230806t134253z-001/01- embedded systems avr tools/01- imt sdk/imt_sdk_win_64/imt_sdk_win_64/winavr/bin/../lib/gcc/avr/4.3.3/../../../../avr/lib/avr5/crtm32.o
                0x00000054                __init
 *(.init0)
 *(.init1)
 *(.init1)
 *(.init2)
 .init2         0x00000054        0xc d:/salma/embedded system iti/tools/01- embedded systems avr tools-20230806t134253z-001/01- embedded systems avr tools/01- imt sdk/imt_sdk_win_64/imt_sdk_win_64/winavr/bin/../lib/gcc/avr/4.3.3/../../../../avr/lib/avr5/crtm32.o
 *(.init2)
 *(.init3)
 *(.init3)
 *(.init4)
 .init4         0x00000060       0x16 d:/salma/embedded system iti/tools/01- embedded systems avr tools-20230806t134253z-001/01- embedded systems avr tools/01- imt sdk/imt_sdk_win_64/imt_sdk_win_64/winavr/bin/../lib/gcc/avr/4.3.3/avr5\libgcc.a(_copy_data.o)
                0x00000060                __do_copy_data
 .init4         0x00000076       0x10 d:/salma/embedded system iti/tools/01- embedded systems avr tools-20230806t134253z-001/01- embedded systems avr tools/01- imt sdk/imt_sdk_win_64/imt_sdk_win_64/winavr/bin/../lib/gcc/avr/4.3.3/avr5\libgcc.a(_clear_bss.o)
                0x00000076                __do_clear_bss
 *(.init4)
 *(.init5)
 *(.init5)
 *(.init6)
 *(.init6)
 *(.init7)
 *(.init7)
 *(.init8)
 *(.init8)
 *(.init9)
 .init9         0x00000086        0x8 d:/salma/embedded system iti/tools/01- embedded systems avr tools-20230806t134253z-001/01- embedded systems avr tools/01- imt sdk/imt_sdk_win_64/imt_sdk_win_64/winavr/bin/../lib/gcc/avr/4.3.3/../../../../avr/lib/avr5/crtm32.o
 *(.init9)
 *(.text)
 .text          0x0000008e        0x4 d:/salma/embedded system iti/tools/01- embedded systems avr tools-20230806t134253z-001/01- embedded systems avr tools/01- imt sdk/imt_sdk_win_64/imt_sdk_win_64/winavr/bin/../lib/gcc/avr/4.3.3/../../../../avr/lib/avr5/crtm32.o
                0x0000008e                __vector_1
                0x0000008e                __vector_12
                0x0000008e                __bad_interrupt
                0x0000008e                __vector_6
                0x0000008e                __vector_3
                0x0000008e                __vector_11
                0x0000008e                __vector_13
                0x0000008e                __vector_17
                0x0000008e                __vector_19
                0x0000008e                __vector_7
                0x0000008e                __vector_5
                0x0000008e                __vector_4
                0x0000008e                __vector_9
                0x0000008e                __vector_2
                0x0000008e                __vector_15
                0x0000008e                __vector_8
                0x0000008e                __vector_14
                0x0000008e                __vector_10
                0x0000008e                __vector_16
                0x0000008e                __vector_18
                0x0000008e                __vector_20
 .text          0x00000092        0x0 ./MCAL/UART/UART_program.o
 .text          0x00000092        0x0 ./MCAL/TWI/TWI_program.o
 .text          0x00000092        0x0 ./MCAL/DIO/DIO_program.o
 .text          0x00000092        0x0 ./HAL/LED/LED_program.o
 .text          0x00000092        0x0 ./HAL/KPD/KPD_program.o
 .text          0x00000092        0x0 ./HAL/EEPROM/EEPROM_program.o
 .text          0x00000092        0x0 ./HAL/CLCD/CLCD_program.o
 .text          0x00000092        0x0 ./APP/main.o
 .text          0x00000092        0x0 d:/salma/embedded system iti/tools/01- embedded systems avr tools-20230806t134253z-001/01- embedded systems avr tools/01- imt sdk/imt_sdk_win_64/imt_sdk_win_64/winavr/bin/../lib/gcc/avr/4.3.3/avr5\libgcc.a(_mulsi3.o)
 .text          0x00000092        0x0 d:/salma/embedded system iti/tools/01- embedded systems avr tools-20230806t134253z-001/01- embedded systems avr tools/01- imt sdk/imt_sdk_win_64/imt_sdk_win_64/winavr/bin/../lib/gcc/avr/4.3.3/avr5\libgcc.a(_udivmodsi4.o)
 .text          0x00000092        0x0 d:/salma/embedded system iti/tools/01- embedded systems avr tools-20230806t134253z-001/01- embedded systems avr tools/01- imt sdk/imt_sdk_win_64/imt_sdk_win_64/winavr/bin/../lib/gcc/avr/4.3.3/avr5\libgcc.a(_divmodsi4.o)
 .text          0x00000092        0x0 d:/salma/embedded system iti/tools/01- embedded systems avr tools-20230806t134253z-001/01- embedded systems avr tools/01- imt sdk/imt_sdk_win_64/imt_sdk_win_64/winavr/bin/../lib/gcc/avr/4.3.3/avr5\libgcc.a(_exit.o)
 .text          0x00000092        0x0 d:/salma/embedded system iti/tools/01- embedded systems avr tools-20230806t134253z-001/01- embedded systems avr tools/01- imt sdk/imt_sdk_win_64/imt_sdk_win_64/winavr/bin/../lib/gcc/avr/4.3.3/avr5\libgcc.a(_copy_data.o)
 .text          0x00000092        0x0 d:/salma/embedded system iti/tools/01- embedded systems avr tools-20230806t134253z-001/01- embedded systems avr tools/01- imt sdk/imt_sdk_win_64/imt_sdk_win_64/winavr/bin/../lib/gcc/avr/4.3.3/avr5\libgcc.a(_clear_bss.o)
 .text          0x00000092      0x1f4 d:/salma/embedded system iti/tools/01- embedded systems avr tools-20230806t134253z-001/01- embedded systems avr tools/01- imt sdk/imt_sdk_win_64/imt_sdk_win_64/winavr/bin/../lib/gcc/avr/4.3.3/avr5\libgcc.a(_mul_sf.o)
                0x00000092                __mulsf3
 .text          0x00000286       0x60 d:/salma/embedded system iti/tools/01- embedded systems avr tools-20230806t134253z-001/01- embedded systems avr tools/01- imt sdk/imt_sdk_win_64/imt_sdk_win_64/winavr/bin/../lib/gcc/avr/4.3.3/avr5\libgcc.a(_eq_sf.o)
                0x00000286                __eqsf2
 .text          0x000002e6       0x60 d:/salma/embedded system iti/tools/01- embedded systems avr tools-20230806t134253z-001/01- embedded systems avr tools/01- imt sdk/imt_sdk_win_64/imt_sdk_win_64/winavr/bin/../lib/gcc/avr/4.3.3/avr5\libgcc.a(_lt_sf.o)
                0x000002e6                __ltsf2
 .text          0x00000346       0xa8 d:/salma/embedded system iti/tools/01- embedded systems avr tools-20230806t134253z-001/01- embedded systems avr tools/01- imt sdk/imt_sdk_win_64/imt_sdk_win_64/winavr/bin/../lib/gcc/avr/4.3.3/avr5\libgcc.a(_sf_to_si.o)
                0x00000346                __fixsfsi
 .text          0x000003ee        0x0 d:/salma/embedded system iti/tools/01- embedded systems avr tools-20230806t134253z-001/01- embedded systems avr tools/01- imt sdk/imt_sdk_win_64/imt_sdk_win_64/winavr/bin/../lib/gcc/avr/4.3.3/avr5\libgcc.a(_thenan_sf.o)
 .text          0x000003ee        0x0 d:/salma/embedded system iti/tools/01- embedded systems avr tools-20230806t134253z-001/01- embedded systems avr tools/01- imt sdk/imt_sdk_win_64/imt_sdk_win_64/winavr/bin/../lib/gcc/avr/4.3.3/avr5\libgcc.a(_prologue.o)
 .text          0x000003ee        0x0 d:/salma/embedded system iti/tools/01- embedded systems avr tools-20230806t134253z-001/01- embedded systems avr tools/01- imt sdk/imt_sdk_win_64/imt_sdk_win_64/winavr/bin/../lib/gcc/avr/4.3.3/avr5\libgcc.a(_epilogue.o)
 .text          0x000003ee      0x1aa d:/salma/embedded system iti/tools/01- embedded systems avr tools-20230806t134253z-001/01- embedded systems avr tools/01- imt sdk/imt_sdk_win_64/imt_sdk_win_64/winavr/bin/../lib/gcc/avr/4.3.3/avr5\libgcc.a(_pack_sf.o)
                0x000003ee                __pack_f
 .text          0x00000598       0xf0 d:/salma/embedded system iti/tools/01- embedded systems avr tools-20230806t134253z-001/01- embedded systems avr tools/01- imt sdk/imt_sdk_win_64/imt_sdk_win_64/winavr/bin/../lib/gcc/avr/4.3.3/avr5\libgcc.a(_unpack_sf.o)
                0x00000598                __unpack_f
 .text          0x00000688       0xb2 d:/salma/embedded system iti/tools/01- embedded systems avr tools-20230806t134253z-001/01- embedded systems avr tools/01- imt sdk/imt_sdk_win_64/imt_sdk_win_64/winavr/bin/../lib/gcc/avr/4.3.3/avr5\libgcc.a(_fpcmp_parts_sf.o)
                0x00000688                __fpcmp_parts_f
                0x0000073a                . = ALIGN (0x2)
 *(.text.*)
 .text.MUART_voidInitialization
                0x0000073a        0xe ./MCAL/UART/UART_program.o
                0x0000073a                MUART_voidInitialization
 .text.MUART_voidSendData
                0x00000748        0x8 ./MCAL/UART/UART_program.o
                0x00000748                MUART_voidSendData
 .text.MUART_voidSendString
                0x00000750       0x24 ./MCAL/UART/UART_program.o
                0x00000750                MUART_voidSendString
 .text.MUART_voidRecieveData
                0x00000774        0x8 ./MCAL/UART/UART_program.o
                0x00000774                MUART_voidRecieveData
 .text.MUART_voidRecieveString
                0x0000077c       0x2e ./MCAL/UART/UART_program.o
                0x0000077c                MUART_voidRecieveString
 .text.MTWI_voidInitialization
                0x000007aa       0x10 ./MCAL/TWI/TWI_program.o
                0x000007aa                MTWI_voidInitialization
 .text.MTWI_u8SendStartCondition
                0x000007ba       0x10 ./MCAL/TWI/TWI_program.o
                0x000007ba                MTWI_u8SendStartCondition
 .text.MTWI_u8SendSlaveAddress
                0x000007ca       0x28 ./MCAL/TWI/TWI_program.o
                0x000007ca                MTWI_u8SendSlaveAddress
 .text.MTWI_u8SendData
                0x000007f2       0x12 ./MCAL/TWI/TWI_program.o
                0x000007f2                MTWI_u8SendData
 .text.MTWI_u8StopCondition
                0x00000804        0xa ./MCAL/TWI/TWI_program.o
                0x00000804                MTWI_u8StopCondition
 .text.MTWI_u8GetStatus
                0x0000080e        0x6 ./MCAL/TWI/TWI_program.o
                0x0000080e                MTWI_u8GetStatus
 .text.MTWI_u8RecieveData
                0x00000814       0x28 ./MCAL/TWI/TWI_program.o
                0x00000814                MTWI_u8RecieveData
 .text.MDIO_voidSetPinDirection
                0x0000083c       0xf2 ./MCAL/DIO/DIO_program.o
                0x0000083c                MDIO_voidSetPinDirection
 .text.MDIO_voidSetPinValue
                0x0000092e       0xe6 ./MCAL/DIO/DIO_program.o
                0x0000092e                MDIO_voidSetPinValue
 .text.MDIO_voidClrPinValue
                0x00000a14       0x72 ./MCAL/DIO/DIO_program.o
                0x00000a14                MDIO_voidClrPinValue
 .text.MDIO_voidGetPinValue
                0x00000a86       0x68 ./MCAL/DIO/DIO_program.o
                0x00000a86                MDIO_voidGetPinValue
 .text.MDIO_voidTogglePinValue
                0x00000aee       0x6a ./MCAL/DIO/DIO_program.o
                0x00000aee                MDIO_voidTogglePinValue
 .text.MDIO_voidSetPortDirection
                0x00000b58       0x22 ./MCAL/DIO/DIO_program.o
                0x00000b58                MDIO_voidSetPortDirection
 .text.MDIO_voidSetPortValue
                0x00000b7a       0x22 ./MCAL/DIO/DIO_program.o
                0x00000b7a                MDIO_voidSetPortValue
 .text.MDIO_voidClrPortValue
                0x00000b9c       0x22 ./MCAL/DIO/DIO_program.o
                0x00000b9c                MDIO_voidClrPortValue
 .text.MDIO_voidGetPortValue
                0x00000bbe       0x28 ./MCAL/DIO/DIO_program.o
                0x00000bbe                MDIO_voidGetPortValue
 .text.MDIO_voidTogglePortValue
                0x00000be6       0x32 ./MCAL/DIO/DIO_program.o
                0x00000be6                MDIO_voidTogglePortValue
 .text.MDIO_voidWriteHighNibbles
                0x00000c18       0x4a ./MCAL/DIO/DIO_program.o
                0x00000c18                MDIO_voidWriteHighNibbles
 .text.MDIO_voidWriteLowNibbles
                0x00000c62       0x4a ./MCAL/DIO/DIO_program.o
                0x00000c62                MDIO_voidWriteLowNibbles
 .text.HLED_voidLEDToggle
                0x00000cac       0x28 ./HAL/LED/LED_program.o
                0x00000cac                HLED_voidLEDToggle
 .text.HLED_voidLEDIOff
                0x00000cd4       0x2a ./HAL/LED/LED_program.o
                0x00000cd4                HLED_voidLEDIOff
 .text.HLED_voidLEDOn
                0x00000cfe       0x2a ./HAL/LED/LED_program.o
                0x00000cfe                HLED_voidLEDOn
 .text.HLED_voidLEDIntialization
                0x00000d28       0x2a ./HAL/LED/LED_program.o
                0x00000d28                HLED_voidLEDIntialization
 .text.HKPD_u8GetPressedKey
                0x00000d52      0x108 ./HAL/KPD/KPD_program.o
                0x00000d52                HKPD_u8GetPressedKey
 .text.HKPD_voidInitialization
                0x00000e5a       0xa2 ./HAL/KPD/KPD_program.o
                0x00000e5a                HKPD_voidInitialization
 .text.HEEPROM_u8ReadData
                0x00000efc       0x48 ./HAL/EEPROM/EEPROM_program.o
                0x00000efc                HEEPROM_u8ReadData
 .text.HEEPROM_voidWriteData
                0x00000f44       0x2a ./HAL/EEPROM/EEPROM_program.o
                0x00000f44                HEEPROM_voidWriteData
 .text.HEEPROM_voidInitialization
                0x00000f6e        0x6 ./HAL/EEPROM/EEPROM_program.o
                0x00000f6e                HEEPROM_voidInitialization
 .text.CLCD_voidShiftCursor
                0x00000f74        0x2 ./HAL/CLCD/CLCD_program.o
                0x00000f74                CLCD_voidShiftCursor
 .text.CLCD_voidSendFallingEdge
                0x00000f76       0x2e ./HAL/CLCD/CLCD_program.o
 .text.CLCD_voidSendCommand
                0x00000fa4       0x2a ./HAL/CLCD/CLCD_program.o
                0x00000fa4                CLCD_voidSendCommand
 .text.CLCD_voidSetPosition
                0x00000fce       0x1c ./HAL/CLCD/CLCD_program.o
                0x00000fce                CLCD_voidSetPosition
 .text.CLCD_voidClearScreen
                0x00000fea       0x10 ./HAL/CLCD/CLCD_program.o
                0x00000fea                CLCD_voidClearScreen
 .text.CLCD_voidSendData
                0x00000ffa       0x28 ./HAL/CLCD/CLCD_program.o
                0x00000ffa                CLCD_voidSendData
 .text.CLCD_voidSendFloat
                0x00001022      0x1aa ./HAL/CLCD/CLCD_program.o
                0x00001022                CLCD_voidSendFloat
 .text.CLCD_voidSendNumber
                0x000011cc      0x102 ./HAL/CLCD/CLCD_program.o
                0x000011cc                CLCD_voidSendNumber
 .text.CLCD_voidSendString
                0x000012ce       0x26 ./HAL/CLCD/CLCD_program.o
                0x000012ce                CLCD_voidSendString
 .text.CLCD_voidInitialization
                0x000012f4       0x84 ./HAL/CLCD/CLCD_program.o
                0x000012f4                CLCD_voidInitialization
 .text.APP_vidChangeGuestPasswordFuncation
                0x00001378      0x19e ./APP/main.o
                0x00001378                APP_vidChangeGuestPasswordFuncation
 .text.APP_voidInitFuncation
                0x00001516      0x4ea ./APP/main.o
                0x00001516                APP_voidInitFuncation
 .text.APP_vidDeleteUserFuncation
                0x00001a00      0x2e8 ./APP/main.o
                0x00001a00                APP_vidDeleteUserFuncation
 .text.APP_vidAddUserFuncation
                0x00001ce8      0x3b2 ./APP/main.o
                0x00001ce8                APP_vidAddUserFuncation
 .text.APP_voidAdminMenu
                0x0000209a       0xdc ./APP/main.o
                0x0000209a                APP_voidAdminMenu
 .text.APP_vidAdminFunction
                0x00002176      0x302 ./APP/main.o
                0x00002176                APP_vidAdminFunction
 .text.APP_vidAlarmFunction
                0x00002478      0x2fa ./APP/main.o
                0x00002478                APP_vidAlarmFunction
 .text.APP_vidGuestFunction
                0x00002772      0x32c ./APP/main.o
                0x00002772                APP_vidGuestFunction
 .text.APP_vidUserFunction
                0x00002a9e      0x544 ./APP/main.o
                0x00002a9e                APP_vidUserFunction
 .text.main     0x00002fe2       0xe8 ./APP/main.o
                0x00002fe2                main
 .text.libgcc   0x000030ca       0x3e d:/salma/embedded system iti/tools/01- embedded systems avr tools-20230806t134253z-001/01- embedded systems avr tools/01- imt sdk/imt_sdk_win_64/imt_sdk_win_64/winavr/bin/../lib/gcc/avr/4.3.3/avr5\libgcc.a(_mulsi3.o)
                0x000030ca                __mulsi3
 .text.libgcc   0x00003108       0x44 d:/salma/embedded system iti/tools/01- embedded systems avr tools-20230806t134253z-001/01- embedded systems avr tools/01- imt sdk/imt_sdk_win_64/imt_sdk_win_64/winavr/bin/../lib/gcc/avr/4.3.3/avr5\libgcc.a(_udivmodsi4.o)
                0x00003108                __udivmodsi4
 .text.libgcc   0x0000314c       0x36 d:/salma/embedded system iti/tools/01- embedded systems avr tools-20230806t134253z-001/01- embedded systems avr tools/01- imt sdk/imt_sdk_win_64/imt_sdk_win_64/winavr/bin/../lib/gcc/avr/4.3.3/avr5\libgcc.a(_divmodsi4.o)
                0x0000314c                __divmodsi4
 .text.libgcc   0x00003182        0x0 d:/salma/embedded system iti/tools/01- embedded systems avr tools-20230806t134253z-001/01- embedded systems avr tools/01- imt sdk/imt_sdk_win_64/imt_sdk_win_64/winavr/bin/../lib/gcc/avr/4.3.3/avr5\libgcc.a(_exit.o)
 .text.libgcc   0x00003182        0x0 d:/salma/embedded system iti/tools/01- embedded systems avr tools-20230806t134253z-001/01- embedded systems avr tools/01- imt sdk/imt_sdk_win_64/imt_sdk_win_64/winavr/bin/../lib/gcc/avr/4.3.3/avr5\libgcc.a(_copy_data.o)
 .text.libgcc   0x00003182        0x0 d:/salma/embedded system iti/tools/01- embedded systems avr tools-20230806t134253z-001/01- embedded systems avr tools/01- imt sdk/imt_sdk_win_64/imt_sdk_win_64/winavr/bin/../lib/gcc/avr/4.3.3/avr5\libgcc.a(_clear_bss.o)
 .text.libgcc   0x00003182       0x38 d:/salma/embedded system iti/tools/01- embedded systems avr tools-20230806t134253z-001/01- embedded systems avr tools/01- imt sdk/imt_sdk_win_64/imt_sdk_win_64/winavr/bin/../lib/gcc/avr/4.3.3/avr5\libgcc.a(_prologue.o)
                0x00003182                __prologue_saves__
 .text.libgcc   0x000031ba       0x36 d:/salma/embedded system iti/tools/01- embedded systems avr tools-20230806t134253z-001/01- embedded systems avr tools/01- imt sdk/imt_sdk_win_64/imt_sdk_win_64/winavr/bin/../lib/gcc/avr/4.3.3/avr5\libgcc.a(_epilogue.o)
                0x000031ba                __epilogue_restores__
                0x000031f0                . = ALIGN (0x2)
 *(.fini9)
 .fini9         0x000031f0        0x0 d:/salma/embedded system iti/tools/01- embedded systems avr tools-20230806t134253z-001/01- embedded systems avr tools/01- imt sdk/imt_sdk_win_64/imt_sdk_win_64/winavr/bin/../lib/gcc/avr/4.3.3/avr5\libgcc.a(_exit.o)
                0x000031f0                exit
                0x000031f0                _exit
 *(.fini9)
 *(.fini8)
 *(.fini8)
 *(.fini7)
 *(.fini7)
 *(.fini6)
 *(.fini6)
 *(.fini5)
 *(.fini5)
 *(.fini4)
 *(.fini4)
 *(.fini3)
 *(.fini3)
 *(.fini2)
 *(.fini2)
 *(.fini1)
 *(.fini1)
 *(.fini0)
 .fini0         0x000031f0        0x4 d:/salma/embedded system iti/tools/01- embedded systems avr tools-20230806t134253z-001/01- embedded systems avr tools/01- imt sdk/imt_sdk_win_64/imt_sdk_win_64/winavr/bin/../lib/gcc/avr/4.3.3/avr5\libgcc.a(_exit.o)
 *(.fini0)
                0x000031f4                _etext = .

.data           0x00800060      0x29a load address 0x000031f4
                0x00800060                PROVIDE (__data_start, .)
 *(.data)
 .data          0x00800060        0x0 d:/salma/embedded system iti/tools/01- embedded systems avr tools-20230806t134253z-001/01- embedded systems avr tools/01- imt sdk/imt_sdk_win_64/imt_sdk_win_64/winavr/bin/../lib/gcc/avr/4.3.3/../../../../avr/lib/avr5/crtm32.o
 .data          0x00800060        0x0 ./MCAL/UART/UART_program.o
 .data          0x00800060        0x0 ./MCAL/TWI/TWI_program.o
 .data          0x00800060        0x0 ./MCAL/DIO/DIO_program.o
 .data          0x00800060        0x0 ./HAL/LED/LED_program.o
 .data          0x00800060        0x0 ./HAL/KPD/KPD_program.o
 .data          0x00800060        0x0 ./HAL/EEPROM/EEPROM_program.o
 .data          0x00800060        0x0 ./HAL/CLCD/CLCD_program.o
 .data          0x00800060      0x282 ./APP/main.o
 .data          0x008002e2        0x0 d:/salma/embedded system iti/tools/01- embedded systems avr tools-20230806t134253z-001/01- embedded systems avr tools/01- imt sdk/imt_sdk_win_64/imt_sdk_win_64/winavr/bin/../lib/gcc/avr/4.3.3/avr5\libgcc.a(_mulsi3.o)
 .data          0x008002e2        0x0 d:/salma/embedded system iti/tools/01- embedded systems avr tools-20230806t134253z-001/01- embedded systems avr tools/01- imt sdk/imt_sdk_win_64/imt_sdk_win_64/winavr/bin/../lib/gcc/avr/4.3.3/avr5\libgcc.a(_udivmodsi4.o)
 .data          0x008002e2        0x0 d:/salma/embedded system iti/tools/01- embedded systems avr tools-20230806t134253z-001/01- embedded systems avr tools/01- imt sdk/imt_sdk_win_64/imt_sdk_win_64/winavr/bin/../lib/gcc/avr/4.3.3/avr5\libgcc.a(_divmodsi4.o)
 .data          0x008002e2        0x0 d:/salma/embedded system iti/tools/01- embedded systems avr tools-20230806t134253z-001/01- embedded systems avr tools/01- imt sdk/imt_sdk_win_64/imt_sdk_win_64/winavr/bin/../lib/gcc/avr/4.3.3/avr5\libgcc.a(_exit.o)
 .data          0x008002e2        0x0 d:/salma/embedded system iti/tools/01- embedded systems avr tools-20230806t134253z-001/01- embedded systems avr tools/01- imt sdk/imt_sdk_win_64/imt_sdk_win_64/winavr/bin/../lib/gcc/avr/4.3.3/avr5\libgcc.a(_copy_data.o)
 .data          0x008002e2        0x0 d:/salma/embedded system iti/tools/01- embedded systems avr tools-20230806t134253z-001/01- embedded systems avr tools/01- imt sdk/imt_sdk_win_64/imt_sdk_win_64/winavr/bin/../lib/gcc/avr/4.3.3/avr5\libgcc.a(_clear_bss.o)
 .data          0x008002e2        0x0 d:/salma/embedded system iti/tools/01- embedded systems avr tools-20230806t134253z-001/01- embedded systems avr tools/01- imt sdk/imt_sdk_win_64/imt_sdk_win_64/winavr/bin/../lib/gcc/avr/4.3.3/avr5\libgcc.a(_mul_sf.o)
 .data          0x008002e2        0x0 d:/salma/embedded system iti/tools/01- embedded systems avr tools-20230806t134253z-001/01- embedded systems avr tools/01- imt sdk/imt_sdk_win_64/imt_sdk_win_64/winavr/bin/../lib/gcc/avr/4.3.3/avr5\libgcc.a(_eq_sf.o)
 .data          0x008002e2        0x0 d:/salma/embedded system iti/tools/01- embedded systems avr tools-20230806t134253z-001/01- embedded systems avr tools/01- imt sdk/imt_sdk_win_64/imt_sdk_win_64/winavr/bin/../lib/gcc/avr/4.3.3/avr5\libgcc.a(_lt_sf.o)
 .data          0x008002e2        0x0 d:/salma/embedded system iti/tools/01- embedded systems avr tools-20230806t134253z-001/01- embedded systems avr tools/01- imt sdk/imt_sdk_win_64/imt_sdk_win_64/winavr/bin/../lib/gcc/avr/4.3.3/avr5\libgcc.a(_sf_to_si.o)
 .data          0x008002e2        0x8 d:/salma/embedded system iti/tools/01- embedded systems avr tools-20230806t134253z-001/01- embedded systems avr tools/01- imt sdk/imt_sdk_win_64/imt_sdk_win_64/winavr/bin/../lib/gcc/avr/4.3.3/avr5\libgcc.a(_thenan_sf.o)
                0x008002e2                __thenan_sf
 .data          0x008002ea        0x0 d:/salma/embedded system iti/tools/01- embedded systems avr tools-20230806t134253z-001/01- embedded systems avr tools/01- imt sdk/imt_sdk_win_64/imt_sdk_win_64/winavr/bin/../lib/gcc/avr/4.3.3/avr5\libgcc.a(_prologue.o)
 .data          0x008002ea        0x0 d:/salma/embedded system iti/tools/01- embedded systems avr tools-20230806t134253z-001/01- embedded systems avr tools/01- imt sdk/imt_sdk_win_64/imt_sdk_win_64/winavr/bin/../lib/gcc/avr/4.3.3/avr5\libgcc.a(_epilogue.o)
 .data          0x008002ea        0x0 d:/salma/embedded system iti/tools/01- embedded systems avr tools-20230806t134253z-001/01- embedded systems avr tools/01- imt sdk/imt_sdk_win_64/imt_sdk_win_64/winavr/bin/../lib/gcc/avr/4.3.3/avr5\libgcc.a(_pack_sf.o)
 .data          0x008002ea        0x0 d:/salma/embedded system iti/tools/01- embedded systems avr tools-20230806t134253z-001/01- embedded systems avr tools/01- imt sdk/imt_sdk_win_64/imt_sdk_win_64/winavr/bin/../lib/gcc/avr/4.3.3/avr5\libgcc.a(_unpack_sf.o)
 .data          0x008002ea        0x0 d:/salma/embedded system iti/tools/01- embedded systems avr tools-20230806t134253z-001/01- embedded systems avr tools/01- imt sdk/imt_sdk_win_64/imt_sdk_win_64/winavr/bin/../lib/gcc/avr/4.3.3/avr5\libgcc.a(_fpcmp_parts_sf.o)
 *(.data*)
 .data.KPD_u8Button
                0x008002ea       0x10 ./HAL/KPD/KPD_program.o
                0x008002ea                KPD_u8Button
 *(.rodata)
 *(.rodata*)
 *(.gnu.linkonce.d*)
                0x008002fa                . = ALIGN (0x2)
                0x008002fa                _edata = .
                0x008002fa                PROVIDE (__data_end, .)

.bss            0x008002fa        0x5
                0x008002fa                PROVIDE (__bss_start, .)
 *(.bss)
 .bss           0x008002fa        0x0 d:/salma/embedded system iti/tools/01- embedded systems avr tools-20230806t134253z-001/01- embedded systems avr tools/01- imt sdk/imt_sdk_win_64/imt_sdk_win_64/winavr/bin/../lib/gcc/avr/4.3.3/../../../../avr/lib/avr5/crtm32.o
 .bss           0x008002fa        0x0 ./MCAL/UART/UART_program.o
 .bss           0x008002fa        0x0 ./MCAL/TWI/TWI_program.o
 .bss           0x008002fa        0x0 ./MCAL/DIO/DIO_program.o
 .bss           0x008002fa        0x0 ./HAL/LED/LED_program.o
 .bss           0x008002fa        0x0 ./HAL/KPD/KPD_program.o
 .bss           0x008002fa        0x0 ./HAL/EEPROM/EEPROM_program.o
 .bss           0x008002fa        0x0 ./HAL/CLCD/CLCD_program.o
 .bss           0x008002fa        0x0 ./APP/main.o
 .bss           0x008002fa        0x0 d:/salma/embedded system iti/tools/01- embedded systems avr tools-20230806t134253z-001/01- embedded systems avr tools/01- imt sdk/imt_sdk_win_64/imt_sdk_win_64/winavr/bin/../lib/gcc/avr/4.3.3/avr5\libgcc.a(_mulsi3.o)
 .bss           0x008002fa        0x0 d:/salma/embedded system iti/tools/01- embedded systems avr tools-20230806t134253z-001/01- embedded systems avr tools/01- imt sdk/imt_sdk_win_64/imt_sdk_win_64/winavr/bin/../lib/gcc/avr/4.3.3/avr5\libgcc.a(_udivmodsi4.o)
 .bss           0x008002fa        0x0 d:/salma/embedded system iti/tools/01- embedded systems avr tools-20230806t134253z-001/01- embedded systems avr tools/01- imt sdk/imt_sdk_win_64/imt_sdk_win_64/winavr/bin/../lib/gcc/avr/4.3.3/avr5\libgcc.a(_divmodsi4.o)
 .bss           0x008002fa        0x0 d:/salma/embedded system iti/tools/01- embedded systems avr tools-20230806t134253z-001/01- embedded systems avr tools/01- imt sdk/imt_sdk_win_64/imt_sdk_win_64/winavr/bin/../lib/gcc/avr/4.3.3/avr5\libgcc.a(_exit.o)
 .bss           0x008002fa        0x0 d:/salma/embedded system iti/tools/01- embedded systems avr tools-20230806t134253z-001/01- embedded systems avr tools/01- imt sdk/imt_sdk_win_64/imt_sdk_win_64/winavr/bin/../lib/gcc/avr/4.3.3/avr5\libgcc.a(_copy_data.o)
 .bss           0x008002fa        0x0 d:/salma/embedded system iti/tools/01- embedded systems avr tools-20230806t134253z-001/01- embedded systems avr tools/01- imt sdk/imt_sdk_win_64/imt_sdk_win_64/winavr/bin/../lib/gcc/avr/4.3.3/avr5\libgcc.a(_clear_bss.o)
 .bss           0x008002fa        0x0 d:/salma/embedded system iti/tools/01- embedded systems avr tools-20230806t134253z-001/01- embedded systems avr tools/01- imt sdk/imt_sdk_win_64/imt_sdk_win_64/winavr/bin/../lib/gcc/avr/4.3.3/avr5\libgcc.a(_mul_sf.o)
 .bss           0x008002fa        0x0 d:/salma/embedded system iti/tools/01- embedded systems avr tools-20230806t134253z-001/01- embedded systems avr tools/01- imt sdk/imt_sdk_win_64/imt_sdk_win_64/winavr/bin/../lib/gcc/avr/4.3.3/avr5\libgcc.a(_eq_sf.o)
 .bss           0x008002fa        0x0 d:/salma/embedded system iti/tools/01- embedded systems avr tools-20230806t134253z-001/01- embedded systems avr tools/01- imt sdk/imt_sdk_win_64/imt_sdk_win_64/winavr/bin/../lib/gcc/avr/4.3.3/avr5\libgcc.a(_lt_sf.o)
 .bss           0x008002fa        0x0 d:/salma/embedded system iti/tools/01- embedded systems avr tools-20230806t134253z-001/01- embedded systems avr tools/01- imt sdk/imt_sdk_win_64/imt_sdk_win_64/winavr/bin/../lib/gcc/avr/4.3.3/avr5\libgcc.a(_sf_to_si.o)
 .bss           0x008002fa        0x0 d:/salma/embedded system iti/tools/01- embedded systems avr tools-20230806t134253z-001/01- embedded systems avr tools/01- imt sdk/imt_sdk_win_64/imt_sdk_win_64/winavr/bin/../lib/gcc/avr/4.3.3/avr5\libgcc.a(_thenan_sf.o)
 .bss           0x008002fa        0x0 d:/salma/embedded system iti/tools/01- embedded systems avr tools-20230806t134253z-001/01- embedded systems avr tools/01- imt sdk/imt_sdk_win_64/imt_sdk_win_64/winavr/bin/../lib/gcc/avr/4.3.3/avr5\libgcc.a(_prologue.o)
 .bss           0x008002fa        0x0 d:/salma/embedded system iti/tools/01- embedded systems avr tools-20230806t134253z-001/01- embedded systems avr tools/01- imt sdk/imt_sdk_win_64/imt_sdk_win_64/winavr/bin/../lib/gcc/avr/4.3.3/avr5\libgcc.a(_epilogue.o)
 .bss           0x008002fa        0x0 d:/salma/embedded system iti/tools/01- embedded systems avr tools-20230806t134253z-001/01- embedded systems avr tools/01- imt sdk/imt_sdk_win_64/imt_sdk_win_64/winavr/bin/../lib/gcc/avr/4.3.3/avr5\libgcc.a(_pack_sf.o)
 .bss           0x008002fa        0x0 d:/salma/embedded system iti/tools/01- embedded systems avr tools-20230806t134253z-001/01- embedded systems avr tools/01- imt sdk/imt_sdk_win_64/imt_sdk_win_64/winavr/bin/../lib/gcc/avr/4.3.3/avr5\libgcc.a(_unpack_sf.o)
 .bss           0x008002fa        0x0 d:/salma/embedded system iti/tools/01- embedded systems avr tools-20230806t134253z-001/01- embedded systems avr tools/01- imt sdk/imt_sdk_win_64/imt_sdk_win_64/winavr/bin/../lib/gcc/avr/4.3.3/avr5\libgcc.a(_fpcmp_parts_sf.o)
 *(.bss*)
 *(COMMON)
 COMMON         0x008002fa        0x5 ./APP/main.o
                0x008002fa                gol_u8FlagMode
                0x008002fb                gol_u8FlagMode_A
                0x008002fc                gol_u8Mode_A
                0x008002fd                gol_u8PosistionCount
                0x008002fe                gol_u8Mode
                0x008002ff                PROVIDE (__bss_end, .)
                0x000031f4                __data_load_start = LOADADDR (.data)
                0x0000348e                __data_load_end = (__data_load_start + SIZEOF (.data))

.noinit         0x008002ff        0x0
                0x008002ff                PROVIDE (__noinit_start, .)
 *(.noinit*)
                0x008002ff                PROVIDE (__noinit_end, .)
                0x008002ff                _end = .
                0x008002ff                PROVIDE (__heap_start, .)

.eeprom         0x00810000        0x0
 *(.eeprom*)
                0x00810000                __eeprom_end = .

.fuse
 *(.fuse)
 *(.lfuse)
 *(.hfuse)
 *(.efuse)

.lock
 *(.lock*)

.signature
 *(.signature*)

.stab           0x00000000     0x88f8
 *(.stab)
 .stab          0x00000000      0x5c4 ./MCAL/UART/UART_program.o
 .stab          0x000005c4      0x450 ./MCAL/TWI/TWI_program.o
                                0x45c (size before relaxing)
 .stab          0x00000a14      0x7e0 ./MCAL/DIO/DIO_program.o
                                0x7ec (size before relaxing)
 .stab          0x000011f4      0x2c4 ./HAL/LED/LED_program.o
                                0x2d0 (size before relaxing)
 .stab          0x000014b8      0x51c ./HAL/KPD/KPD_program.o
                                0x6c0 (size before relaxing)
 .stab          0x000019d4      0x2c4 ./HAL/EEPROM/EEPROM_program.o
                                0x2d0 (size before relaxing)
 .stab          0x00001c98      0x924 ./HAL/CLCD/CLCD_program.o
                                0xac8 (size before relaxing)
 .stab          0x000025bc     0x633c ./APP/main.o
                               0x64e0 (size before relaxing)

.stabstr        0x00000000     0x1997
 *(.stabstr)
 .stabstr       0x00000000     0x1997 ./MCAL/UART/UART_program.o

.stab.excl
 *(.stab.excl)

.stab.exclstr
 *(.stab.exclstr)

.stab.index
 *(.stab.index)

.stab.indexstr
 *(.stab.indexstr)

.comment
 *(.comment)

.debug
 *(.debug)

.line
 *(.line)

.debug_srcinfo
 *(.debug_srcinfo)

.debug_sfnames
 *(.debug_sfnames)

.debug_aranges  0x00000000       0xe0
 *(.debug_aranges)
 .debug_aranges
                0x00000000       0x20 d:/salma/embedded system iti/tools/01- embedded systems avr tools-20230806t134253z-001/01- embedded systems avr tools/01- imt sdk/imt_sdk_win_64/imt_sdk_win_64/winavr/bin/../lib/gcc/avr/4.3.3/avr5\libgcc.a(_mul_sf.o)
 .debug_aranges
                0x00000020       0x20 d:/salma/embedded system iti/tools/01- embedded systems avr tools-20230806t134253z-001/01- embedded systems avr tools/01- imt sdk/imt_sdk_win_64/imt_sdk_win_64/winavr/bin/../lib/gcc/avr/4.3.3/avr5\libgcc.a(_eq_sf.o)
 .debug_aranges
                0x00000040       0x20 d:/salma/embedded system iti/tools/01- embedded systems avr tools-20230806t134253z-001/01- embedded systems avr tools/01- imt sdk/imt_sdk_win_64/imt_sdk_win_64/winavr/bin/../lib/gcc/avr/4.3.3/avr5\libgcc.a(_lt_sf.o)
 .debug_aranges
                0x00000060       0x20 d:/salma/embedded system iti/tools/01- embedded systems avr tools-20230806t134253z-001/01- embedded systems avr tools/01- imt sdk/imt_sdk_win_64/imt_sdk_win_64/winavr/bin/../lib/gcc/avr/4.3.3/avr5\libgcc.a(_sf_to_si.o)
 .debug_aranges
                0x00000080       0x20 d:/salma/embedded system iti/tools/01- embedded systems avr tools-20230806t134253z-001/01- embedded systems avr tools/01- imt sdk/imt_sdk_win_64/imt_sdk_win_64/winavr/bin/../lib/gcc/avr/4.3.3/avr5\libgcc.a(_pack_sf.o)
 .debug_aranges
                0x000000a0       0x20 d:/salma/embedded system iti/tools/01- embedded systems avr tools-20230806t134253z-001/01- embedded systems avr tools/01- imt sdk/imt_sdk_win_64/imt_sdk_win_64/winavr/bin/../lib/gcc/avr/4.3.3/avr5\libgcc.a(_unpack_sf.o)
 .debug_aranges
                0x000000c0       0x20 d:/salma/embedded system iti/tools/01- embedded systems avr tools-20230806t134253z-001/01- embedded systems avr tools/01- imt sdk/imt_sdk_win_64/imt_sdk_win_64/winavr/bin/../lib/gcc/avr/4.3.3/avr5\libgcc.a(_fpcmp_parts_sf.o)

.debug_pubnames
                0x00000000      0x103
 *(.debug_pubnames)
 .debug_pubnames
                0x00000000       0x1f d:/salma/embedded system iti/tools/01- embedded systems avr tools-20230806t134253z-001/01- embedded systems avr tools/01- imt sdk/imt_sdk_win_64/imt_sdk_win_64/winavr/bin/../lib/gcc/avr/4.3.3/avr5\libgcc.a(_mul_sf.o)
 .debug_pubnames
                0x0000001f       0x1e d:/salma/embedded system iti/tools/01- embedded systems avr tools-20230806t134253z-001/01- embedded systems avr tools/01- imt sdk/imt_sdk_win_64/imt_sdk_win_64/winavr/bin/../lib/gcc/avr/4.3.3/avr5\libgcc.a(_eq_sf.o)
 .debug_pubnames
                0x0000003d       0x1e d:/salma/embedded system iti/tools/01- embedded systems avr tools-20230806t134253z-001/01- embedded systems avr tools/01- imt sdk/imt_sdk_win_64/imt_sdk_win_64/winavr/bin/../lib/gcc/avr/4.3.3/avr5\libgcc.a(_lt_sf.o)
 .debug_pubnames
                0x0000005b       0x20 d:/salma/embedded system iti/tools/01- embedded systems avr tools-20230806t134253z-001/01- embedded systems avr tools/01- imt sdk/imt_sdk_win_64/imt_sdk_win_64/winavr/bin/../lib/gcc/avr/4.3.3/avr5\libgcc.a(_sf_to_si.o)
 .debug_pubnames
                0x0000007b       0x22 d:/salma/embedded system iti/tools/01- embedded systems avr tools-20230806t134253z-001/01- embedded systems avr tools/01- imt sdk/imt_sdk_win_64/imt_sdk_win_64/winavr/bin/../lib/gcc/avr/4.3.3/avr5\libgcc.a(_thenan_sf.o)
 .debug_pubnames
                0x0000009d       0x1f d:/salma/embedded system iti/tools/01- embedded systems avr tools-20230806t134253z-001/01- embedded systems avr tools/01- imt sdk/imt_sdk_win_64/imt_sdk_win_64/winavr/bin/../lib/gcc/avr/4.3.3/avr5\libgcc.a(_pack_sf.o)
 .debug_pubnames
                0x000000bc       0x21 d:/salma/embedded system iti/tools/01- embedded systems avr tools-20230806t134253z-001/01- embedded systems avr tools/01- imt sdk/imt_sdk_win_64/imt_sdk_win_64/winavr/bin/../lib/gcc/avr/4.3.3/avr5\libgcc.a(_unpack_sf.o)
 .debug_pubnames
                0x000000dd       0x26 d:/salma/embedded system iti/tools/01- embedded systems avr tools-20230806t134253z-001/01- embedded systems avr tools/01- imt sdk/imt_sdk_win_64/imt_sdk_win_64/winavr/bin/../lib/gcc/avr/4.3.3/avr5\libgcc.a(_fpcmp_parts_sf.o)

.debug_info     0x00000000     0x149f
 *(.debug_info)
 .debug_info    0x00000000      0x485 d:/salma/embedded system iti/tools/01- embedded systems avr tools-20230806t134253z-001/01- embedded systems avr tools/01- imt sdk/imt_sdk_win_64/imt_sdk_win_64/winavr/bin/../lib/gcc/avr/4.3.3/avr5\libgcc.a(_mul_sf.o)
 .debug_info    0x00000485      0x27f d:/salma/embedded system iti/tools/01- embedded systems avr tools-20230806t134253z-001/01- embedded systems avr tools/01- imt sdk/imt_sdk_win_64/imt_sdk_win_64/winavr/bin/../lib/gcc/avr/4.3.3/avr5\libgcc.a(_eq_sf.o)
 .debug_info    0x00000704      0x27f d:/salma/embedded system iti/tools/01- embedded systems avr tools-20230806t134253z-001/01- embedded systems avr tools/01- imt sdk/imt_sdk_win_64/imt_sdk_win_64/winavr/bin/../lib/gcc/avr/4.3.3/avr5\libgcc.a(_lt_sf.o)
 .debug_info    0x00000983      0x2b0 d:/salma/embedded system iti/tools/01- embedded systems avr tools-20230806t134253z-001/01- embedded systems avr tools/01- imt sdk/imt_sdk_win_64/imt_sdk_win_64/winavr/bin/../lib/gcc/avr/4.3.3/avr5\libgcc.a(_sf_to_si.o)
 .debug_info    0x00000c33      0x12c d:/salma/embedded system iti/tools/01- embedded systems avr tools-20230806t134253z-001/01- embedded systems avr tools/01- imt sdk/imt_sdk_win_64/imt_sdk_win_64/winavr/bin/../lib/gcc/avr/4.3.3/avr5\libgcc.a(_thenan_sf.o)
 .debug_info    0x00000d5f      0x2df d:/salma/embedded system iti/tools/01- embedded systems avr tools-20230806t134253z-001/01- embedded systems avr tools/01- imt sdk/imt_sdk_win_64/imt_sdk_win_64/winavr/bin/../lib/gcc/avr/4.3.3/avr5\libgcc.a(_pack_sf.o)
 .debug_info    0x0000103e      0x251 d:/salma/embedded system iti/tools/01- embedded systems avr tools-20230806t134253z-001/01- embedded systems avr tools/01- imt sdk/imt_sdk_win_64/imt_sdk_win_64/winavr/bin/../lib/gcc/avr/4.3.3/avr5\libgcc.a(_unpack_sf.o)
 .debug_info    0x0000128f      0x210 d:/salma/embedded system iti/tools/01- embedded systems avr tools-20230806t134253z-001/01- embedded systems avr tools/01- imt sdk/imt_sdk_win_64/imt_sdk_win_64/winavr/bin/../lib/gcc/avr/4.3.3/avr5\libgcc.a(_fpcmp_parts_sf.o)
 *(.gnu.linkonce.wi.*)

.debug_abbrev   0x00000000      0xb4a
 *(.debug_abbrev)
 .debug_abbrev  0x00000000      0x21b d:/salma/embedded system iti/tools/01- embedded systems avr tools-20230806t134253z-001/01- embedded systems avr tools/01- imt sdk/imt_sdk_win_64/imt_sdk_win_64/winavr/bin/../lib/gcc/avr/4.3.3/avr5\libgcc.a(_mul_sf.o)
 .debug_abbrev  0x0000021b      0x15a d:/salma/embedded system iti/tools/01- embedded systems avr tools-20230806t134253z-001/01- embedded systems avr tools/01- imt sdk/imt_sdk_win_64/imt_sdk_win_64/winavr/bin/../lib/gcc/avr/4.3.3/avr5\libgcc.a(_eq_sf.o)
 .debug_abbrev  0x00000375      0x15a d:/salma/embedded system iti/tools/01- embedded systems avr tools-20230806t134253z-001/01- embedded systems avr tools/01- imt sdk/imt_sdk_win_64/imt_sdk_win_64/winavr/bin/../lib/gcc/avr/4.3.3/avr5\libgcc.a(_lt_sf.o)
 .debug_abbrev  0x000004cf      0x17f d:/salma/embedded system iti/tools/01- embedded systems avr tools-20230806t134253z-001/01- embedded systems avr tools/01- imt sdk/imt_sdk_win_64/imt_sdk_win_64/winavr/bin/../lib/gcc/avr/4.3.3/avr5\libgcc.a(_sf_to_si.o)
 .debug_abbrev  0x0000064e       0xad d:/salma/embedded system iti/tools/01- embedded systems avr tools-20230806t134253z-001/01- embedded systems avr tools/01- imt sdk/imt_sdk_win_64/imt_sdk_win_64/winavr/bin/../lib/gcc/avr/4.3.3/avr5\libgcc.a(_thenan_sf.o)
 .debug_abbrev  0x000006fb      0x1c0 d:/salma/embedded system iti/tools/01- embedded systems avr tools-20230806t134253z-001/01- embedded systems avr tools/01- imt sdk/imt_sdk_win_64/imt_sdk_win_64/winavr/bin/../lib/gcc/avr/4.3.3/avr5\libgcc.a(_pack_sf.o)
 .debug_abbrev  0x000008bb      0x154 d:/salma/embedded system iti/tools/01- embedded systems avr tools-20230806t134253z-001/01- embedded systems avr tools/01- imt sdk/imt_sdk_win_64/imt_sdk_win_64/winavr/bin/../lib/gcc/avr/4.3.3/avr5\libgcc.a(_unpack_sf.o)
 .debug_abbrev  0x00000a0f      0x13b d:/salma/embedded system iti/tools/01- embedded systems avr tools-20230806t134253z-001/01- embedded systems avr tools/01- imt sdk/imt_sdk_win_64/imt_sdk_win_64/winavr/bin/../lib/gcc/avr/4.3.3/avr5\libgcc.a(_fpcmp_parts_sf.o)

.debug_line     0x00000000      0x984
 *(.debug_line)
 .debug_line    0x00000000      0x239 d:/salma/embedded system iti/tools/01- embedded systems avr tools-20230806t134253z-001/01- embedded systems avr tools/01- imt sdk/imt_sdk_win_64/imt_sdk_win_64/winavr/bin/../lib/gcc/avr/4.3.3/avr5\libgcc.a(_mul_sf.o)
 .debug_line    0x00000239       0xd3 d:/salma/embedded system iti/tools/01- embedded systems avr tools-20230806t134253z-001/01- embedded systems avr tools/01- imt sdk/imt_sdk_win_64/imt_sdk_win_64/winavr/bin/../lib/gcc/avr/4.3.3/avr5\libgcc.a(_eq_sf.o)
 .debug_line    0x0000030c       0xd3 d:/salma/embedded system iti/tools/01- embedded systems avr tools-20230806t134253z-001/01- embedded systems avr tools/01- imt sdk/imt_sdk_win_64/imt_sdk_win_64/winavr/bin/../lib/gcc/avr/4.3.3/avr5\libgcc.a(_lt_sf.o)
 .debug_line    0x000003df      0x109 d:/salma/embedded system iti/tools/01- embedded systems avr tools-20230806t134253z-001/01- embedded systems avr tools/01- imt sdk/imt_sdk_win_64/imt_sdk_win_64/winavr/bin/../lib/gcc/avr/4.3.3/avr5\libgcc.a(_sf_to_si.o)
 .debug_line    0x000004e8       0x90 d:/salma/embedded system iti/tools/01- embedded systems avr tools-20230806t134253z-001/01- embedded systems avr tools/01- imt sdk/imt_sdk_win_64/imt_sdk_win_64/winavr/bin/../lib/gcc/avr/4.3.3/avr5\libgcc.a(_thenan_sf.o)
 .debug_line    0x00000578      0x18a d:/salma/embedded system iti/tools/01- embedded systems avr tools-20230806t134253z-001/01- embedded systems avr tools/01- imt sdk/imt_sdk_win_64/imt_sdk_win_64/winavr/bin/../lib/gcc/avr/4.3.3/avr5\libgcc.a(_pack_sf.o)
 .debug_line    0x00000702      0x14b d:/salma/embedded system iti/tools/01- embedded systems avr tools-20230806t134253z-001/01- embedded systems avr tools/01- imt sdk/imt_sdk_win_64/imt_sdk_win_64/winavr/bin/../lib/gcc/avr/4.3.3/avr5\libgcc.a(_unpack_sf.o)
 .debug_line    0x0000084d      0x137 d:/salma/embedded system iti/tools/01- embedded systems avr tools-20230806t134253z-001/01- embedded systems avr tools/01- imt sdk/imt_sdk_win_64/imt_sdk_win_64/winavr/bin/../lib/gcc/avr/4.3.3/avr5\libgcc.a(_fpcmp_parts_sf.o)

.debug_frame    0x00000000       0xe0
 *(.debug_frame)
 .debug_frame   0x00000000       0x20 d:/salma/embedded system iti/tools/01- embedded systems avr tools-20230806t134253z-001/01- embedded systems avr tools/01- imt sdk/imt_sdk_win_64/imt_sdk_win_64/winavr/bin/../lib/gcc/avr/4.3.3/avr5\libgcc.a(_mul_sf.o)
 .debug_frame   0x00000020       0x20 d:/salma/embedded system iti/tools/01- embedded systems avr tools-20230806t134253z-001/01- embedded systems avr tools/01- imt sdk/imt_sdk_win_64/imt_sdk_win_64/winavr/bin/../lib/gcc/avr/4.3.3/avr5\libgcc.a(_eq_sf.o)
 .debug_frame   0x00000040       0x20 d:/salma/embedded system iti/tools/01- embedded systems avr tools-20230806t134253z-001/01- embedded systems avr tools/01- imt sdk/imt_sdk_win_64/imt_sdk_win_64/winavr/bin/../lib/gcc/avr/4.3.3/avr5\libgcc.a(_lt_sf.o)
 .debug_frame   0x00000060       0x20 d:/salma/embedded system iti/tools/01- embedded systems avr tools-20230806t134253z-001/01- embedded systems avr tools/01- imt sdk/imt_sdk_win_64/imt_sdk_win_64/winavr/bin/../lib/gcc/avr/4.3.3/avr5\libgcc.a(_sf_to_si.o)
 .debug_frame   0x00000080       0x20 d:/salma/embedded system iti/tools/01- embedded systems avr tools-20230806t134253z-001/01- embedded systems avr tools/01- imt sdk/imt_sdk_win_64/imt_sdk_win_64/winavr/bin/../lib/gcc/avr/4.3.3/avr5\libgcc.a(_pack_sf.o)
 .debug_frame   0x000000a0       0x20 d:/salma/embedded system iti/tools/01- embedded systems avr tools-20230806t134253z-001/01- embedded systems avr tools/01- imt sdk/imt_sdk_win_64/imt_sdk_win_64/winavr/bin/../lib/gcc/avr/4.3.3/avr5\libgcc.a(_unpack_sf.o)
 .debug_frame   0x000000c0       0x20 d:/salma/embedded system iti/tools/01- embedded systems avr tools-20230806t134253z-001/01- embedded systems avr tools/01- imt sdk/imt_sdk_win_64/imt_sdk_win_64/winavr/bin/../lib/gcc/avr/4.3.3/avr5\libgcc.a(_fpcmp_parts_sf.o)

.debug_str      0x00000000      0x1e5
 *(.debug_str)
 .debug_str     0x00000000      0x193 d:/salma/embedded system iti/tools/01- embedded systems avr tools-20230806t134253z-001/01- embedded systems avr tools/01- imt sdk/imt_sdk_win_64/imt_sdk_win_64/winavr/bin/../lib/gcc/avr/4.3.3/avr5\libgcc.a(_mul_sf.o)
                                0x1bf (size before relaxing)
 .debug_str     0x00000193        0xf d:/salma/embedded system iti/tools/01- embedded systems avr tools-20230806t134253z-001/01- embedded systems avr tools/01- imt sdk/imt_sdk_win_64/imt_sdk_win_64/winavr/bin/../lib/gcc/avr/4.3.3/avr5\libgcc.a(_eq_sf.o)
                                0x195 (size before relaxing)
 .debug_str     0x000001a2        0x8 d:/salma/embedded system iti/tools/01- embedded systems avr tools-20230806t134253z-001/01- embedded systems avr tools/01- imt sdk/imt_sdk_win_64/imt_sdk_win_64/winavr/bin/../lib/gcc/avr/4.3.3/avr5\libgcc.a(_lt_sf.o)
                                0x195 (size before relaxing)
 .debug_str     0x000001aa        0xa d:/salma/embedded system iti/tools/01- embedded systems avr tools-20230806t134253z-001/01- embedded systems avr tools/01- imt sdk/imt_sdk_win_64/imt_sdk_win_64/winavr/bin/../lib/gcc/avr/4.3.3/avr5\libgcc.a(_sf_to_si.o)
                                0x19e (size before relaxing)
 .debug_str     0x00000000      0x103 d:/salma/embedded system iti/tools/01- embedded systems avr tools-20230806t134253z-001/01- embedded systems avr tools/01- imt sdk/imt_sdk_win_64/imt_sdk_win_64/winavr/bin/../lib/gcc/avr/4.3.3/avr5\libgcc.a(_thenan_sf.o)
 .debug_str     0x000001b4       0x16 d:/salma/embedded system iti/tools/01- embedded systems avr tools-20230806t134253z-001/01- embedded systems avr tools/01- imt sdk/imt_sdk_win_64/imt_sdk_win_64/winavr/bin/../lib/gcc/avr/4.3.3/avr5\libgcc.a(_pack_sf.o)
                                0x19d (size before relaxing)
 .debug_str     0x000001ca        0xb d:/salma/embedded system iti/tools/01- embedded systems avr tools-20230806t134253z-001/01- embedded systems avr tools/01- imt sdk/imt_sdk_win_64/imt_sdk_win_64/winavr/bin/../lib/gcc/avr/4.3.3/avr5\libgcc.a(_unpack_sf.o)
                                0x17f (size before relaxing)
 .debug_str     0x000001d5       0x10 d:/salma/embedded system iti/tools/01- embedded systems avr tools-20230806t134253z-001/01- embedded systems avr tools/01- imt sdk/imt_sdk_win_64/imt_sdk_win_64/winavr/bin/../lib/gcc/avr/4.3.3/avr5\libgcc.a(_fpcmp_parts_sf.o)
                                0x163 (size before relaxing)

.debug_loc      0x00000000      0x434
 *(.debug_loc)
 .debug_loc     0x00000000      0x104 d:/salma/embedded system iti/tools/01- embedded systems avr tools-20230806t134253z-001/01- embedded systems avr tools/01- imt sdk/imt_sdk_win_64/imt_sdk_win_64/winavr/bin/../lib/gcc/avr/4.3.3/avr5\libgcc.a(_mul_sf.o)
 .debug_loc     0x00000104       0x3c d:/salma/embedded system iti/tools/01- embedded systems avr tools-20230806t134253z-001/01- embedded systems avr tools/01- imt sdk/imt_sdk_win_64/imt_sdk_win_64/winavr/bin/../lib/gcc/avr/4.3.3/avr5\libgcc.a(_eq_sf.o)
 .debug_loc     0x00000140       0x3c d:/salma/embedded system iti/tools/01- embedded systems avr tools-20230806t134253z-001/01- embedded systems avr tools/01- imt sdk/imt_sdk_win_64/imt_sdk_win_64/winavr/bin/../lib/gcc/avr/4.3.3/avr5\libgcc.a(_lt_sf.o)
 .debug_loc     0x0000017c       0x7e d:/salma/embedded system iti/tools/01- embedded systems avr tools-20230806t134253z-001/01- embedded systems avr tools/01- imt sdk/imt_sdk_win_64/imt_sdk_win_64/winavr/bin/../lib/gcc/avr/4.3.3/avr5\libgcc.a(_sf_to_si.o)
 .debug_loc     0x000001fa      0x13e d:/salma/embedded system iti/tools/01- embedded systems avr tools-20230806t134253z-001/01- embedded systems avr tools/01- imt sdk/imt_sdk_win_64/imt_sdk_win_64/winavr/bin/../lib/gcc/avr/4.3.3/avr5\libgcc.a(_pack_sf.o)
 .debug_loc     0x00000338       0xac d:/salma/embedded system iti/tools/01- embedded systems avr tools-20230806t134253z-001/01- embedded systems avr tools/01- imt sdk/imt_sdk_win_64/imt_sdk_win_64/winavr/bin/../lib/gcc/avr/4.3.3/avr5\libgcc.a(_unpack_sf.o)
 .debug_loc     0x000003e4       0x50 d:/salma/embedded system iti/tools/01- embedded systems avr tools-20230806t134253z-001/01- embedded systems avr tools/01- imt sdk/imt_sdk_win_64/imt_sdk_win_64/winavr/bin/../lib/gcc/avr/4.3.3/avr5\libgcc.a(_fpcmp_parts_sf.o)

.debug_macinfo
 *(.debug_macinfo)
OUTPUT(project.elf elf32-avr)
LOAD linker stubs

.debug_ranges   0x00000000       0x50
 .debug_ranges  0x00000000       0x50 d:/salma/embedded system iti/tools/01- embedded systems avr tools-20230806t134253z-001/01- embedded systems avr tools/01- imt sdk/imt_sdk_win_64/imt_sdk_win_64/winavr/bin/../lib/gcc/avr/4.3.3/avr5\libgcc.a(_mul_sf.o)
